ARM GAS  C:\Users\mohammed\AppData\Local\Temp\ccSGH1yD.s 			page 1


   1              		.cpu cortex-m0
   2              		.fpu softvfp
   3              		.eabi_attribute 20, 1
   4              		.eabi_attribute 21, 1
   5              		.eabi_attribute 23, 3
   6              		.eabi_attribute 24, 1
   7              		.eabi_attribute 25, 1
   8              		.eabi_attribute 26, 1
   9              		.eabi_attribute 30, 6
  10              		.eabi_attribute 34, 0
  11              		.eabi_attribute 18, 4
  12              		.code	16
  13              		.file	"debug.c"
  14              		.text
  15              	.Ltext0:
  16              		.cfi_sections	.debug_frame
  17              		.section	.text._write,"ax",%progbits
  18              		.align	2
  19              		.global	_write
  20              		.code	16
  21              		.thumb_func
  22              		.type	_write, %function
  23              	_write:
  24              	.LFB37:
  25              		.file 1 ".\\debug.c"
   1:.\debug.c     **** /*******************************************************************************
   2:.\debug.c     **** * File Name: debug.c
   3:.\debug.c     **** *
   4:.\debug.c     **** * Description:
   5:.\debug.c     **** *  Contains source code to support output of debug info to UART interface.
   6:.\debug.c     **** *
   7:.\debug.c     **** *******************************************************************************
   8:.\debug.c     **** * Copyright 2015, Cypress Semiconductor Corporation.  All rights reserved.
   9:.\debug.c     **** * You may use this file only in accordance with the license, terms, conditions,
  10:.\debug.c     **** * disclaimers, and limitations in the end user license agreement accompanying
  11:.\debug.c     **** * the software package with which this file was provided.
  12:.\debug.c     **** *******************************************************************************/
  13:.\debug.c     **** 
  14:.\debug.c     **** #include "common.h"
  15:.\debug.c     **** 
  16:.\debug.c     **** #if (DEBUG_UART_ENABLED == ENABLED)
  17:.\debug.c     **** 
  18:.\debug.c     **** #if defined(__ARMCC_VERSION)
  19:.\debug.c     **** 
  20:.\debug.c     **** /* For MDK/RVDS compiler revise fputc function for printf functionality */
  21:.\debug.c     **** struct __FILE
  22:.\debug.c     **** {
  23:.\debug.c     ****     int handle;
  24:.\debug.c     **** };
  25:.\debug.c     **** 
  26:.\debug.c     **** enum
  27:.\debug.c     **** {
  28:.\debug.c     ****     STDIN_HANDLE,
  29:.\debug.c     ****     STDOUT_HANDLE,
  30:.\debug.c     ****     STDERR_HANDLE
  31:.\debug.c     **** };
  32:.\debug.c     **** 
ARM GAS  C:\Users\mohammed\AppData\Local\Temp\ccSGH1yD.s 			page 2


  33:.\debug.c     **** FILE __stdin = {STDIN_HANDLE};
  34:.\debug.c     **** FILE __stdout = {STDOUT_HANDLE};
  35:.\debug.c     **** FILE __stderr = {STDERR_HANDLE};
  36:.\debug.c     **** 
  37:.\debug.c     **** int fputc(int ch, FILE *file)
  38:.\debug.c     **** {
  39:.\debug.c     ****     int ret = EOF;
  40:.\debug.c     **** 
  41:.\debug.c     ****     switch( file->handle )
  42:.\debug.c     ****     {
  43:.\debug.c     ****         case STDOUT_HANDLE:
  44:.\debug.c     ****             UART_DEB_UartPutChar(ch);
  45:.\debug.c     ****             ret = ch ;
  46:.\debug.c     ****             break ;
  47:.\debug.c     **** 
  48:.\debug.c     ****         case STDERR_HANDLE:
  49:.\debug.c     ****             ret = ch ;
  50:.\debug.c     ****             break ;
  51:.\debug.c     **** 
  52:.\debug.c     ****         default:
  53:.\debug.c     ****             file = file;
  54:.\debug.c     ****             break ;
  55:.\debug.c     ****     }
  56:.\debug.c     ****     return ret ;
  57:.\debug.c     **** }
  58:.\debug.c     **** 
  59:.\debug.c     **** #elif defined (__ICCARM__)      /* IAR */
  60:.\debug.c     **** 
  61:.\debug.c     **** /* For IAR compiler revise __write() function for printf functionality */
  62:.\debug.c     **** size_t __write(int handle, const unsigned char * buffer, size_t size)
  63:.\debug.c     **** {
  64:.\debug.c     ****     size_t nChars = 0;
  65:.\debug.c     **** 
  66:.\debug.c     ****     if (buffer == 0)
  67:.\debug.c     ****     {
  68:.\debug.c     ****         /*
  69:.\debug.c     ****          * This means that we should flush internal buffers.  Since we
  70:.\debug.c     ****          * don't we just return.  (Remember, "handle" == -1 means that all
  71:.\debug.c     ****          * handles should be flushed.)
  72:.\debug.c     ****          */
  73:.\debug.c     ****         return (0);
  74:.\debug.c     ****     }
  75:.\debug.c     **** 
  76:.\debug.c     ****     for (/* Empty */; size != 0; --size)
  77:.\debug.c     ****     {
  78:.\debug.c     ****         UART_DEB_UartPutChar(*buffer++);
  79:.\debug.c     ****         ++nChars;
  80:.\debug.c     ****     }
  81:.\debug.c     **** 
  82:.\debug.c     ****     return (nChars);
  83:.\debug.c     **** }
  84:.\debug.c     **** 
  85:.\debug.c     **** #else  /* (__GNUC__)  GCC */
  86:.\debug.c     **** 
  87:.\debug.c     **** /* For GCC compiler revise _write() function for printf functionality */
  88:.\debug.c     **** int _write(int file, char *ptr, int len)
  89:.\debug.c     **** {
ARM GAS  C:\Users\mohammed\AppData\Local\Temp\ccSGH1yD.s 			page 3


  26              		.loc 1 89 0
  27              		.cfi_startproc
  28 0000 80B5     		push	{r7, lr}
  29              		.cfi_def_cfa_offset 8
  30              		.cfi_offset 7, -8
  31              		.cfi_offset 14, -4
  32 0002 86B0     		sub	sp, sp, #24
  33              		.cfi_def_cfa_offset 32
  34 0004 00AF     		add	r7, sp, #0
  35              		.cfi_def_cfa_register 7
  36 0006 F860     		str	r0, [r7, #12]
  37 0008 B960     		str	r1, [r7, #8]
  38 000a 7A60     		str	r2, [r7, #4]
  90:.\debug.c     ****     int i;
  91:.\debug.c     ****     file = file;
  92:.\debug.c     ****     for (i = 0; i < len; i++)
  39              		.loc 1 92 0
  40 000c 0023     		mov	r3, #0
  41 000e 7B61     		str	r3, [r7, #20]
  42 0010 09E0     		b	.L2
  43              	.L3:
  93:.\debug.c     ****     {
  94:.\debug.c     ****         UART_DEB_UartPutChar(*ptr++);
  44              		.loc 1 94 0 discriminator 3
  45 0012 BB68     		ldr	r3, [r7, #8]
  46 0014 5A1C     		add	r2, r3, #1
  47 0016 BA60     		str	r2, [r7, #8]
  48 0018 1B78     		ldrb	r3, [r3]
  49 001a 181C     		mov	r0, r3
  50 001c FFF7FEFF 		bl	UART_DEB_SpiUartWriteTxData
  92:.\debug.c     ****     {
  51              		.loc 1 92 0 discriminator 3
  52 0020 7B69     		ldr	r3, [r7, #20]
  53 0022 0133     		add	r3, r3, #1
  54 0024 7B61     		str	r3, [r7, #20]
  55              	.L2:
  92:.\debug.c     ****     {
  56              		.loc 1 92 0 is_stmt 0 discriminator 1
  57 0026 7A69     		ldr	r2, [r7, #20]
  58 0028 7B68     		ldr	r3, [r7, #4]
  59 002a 9A42     		cmp	r2, r3
  60 002c F1DB     		blt	.L3
  95:.\debug.c     ****     }
  96:.\debug.c     ****     return len;
  61              		.loc 1 96 0 is_stmt 1
  62 002e 7B68     		ldr	r3, [r7, #4]
  97:.\debug.c     **** }
  63              		.loc 1 97 0
  64 0030 181C     		mov	r0, r3
  65 0032 BD46     		mov	sp, r7
  66 0034 06B0     		add	sp, sp, #24
  67              		@ sp needed
  68 0036 80BD     		pop	{r7, pc}
  69              		.cfi_endproc
  70              	.LFE37:
  71              		.size	_write, .-_write
  72              		.text
ARM GAS  C:\Users\mohammed\AppData\Local\Temp\ccSGH1yD.s 			page 4


  73              	.Letext0:
  74              		.file 2 "Generated_Source\\PSoC4/cytypes.h"
  75              		.section	.debug_info,"",%progbits
  76              	.Ldebug_info0:
  77 0000 E9000000 		.4byte	0xe9
  78 0004 0400     		.2byte	0x4
  79 0006 00000000 		.4byte	.Ldebug_abbrev0
  80 000a 04       		.byte	0x4
  81 000b 01       		.uleb128 0x1
  82 000c BF000000 		.4byte	.LASF15
  83 0010 01       		.byte	0x1
  84 0011 22000000 		.4byte	.LASF16
  85 0015 56010000 		.4byte	.LASF17
  86 0019 00000000 		.4byte	.Ldebug_ranges0+0
  87 001d 00000000 		.4byte	0
  88 0021 00000000 		.4byte	.Ldebug_line0
  89 0025 02       		.uleb128 0x2
  90 0026 01       		.byte	0x1
  91 0027 06       		.byte	0x6
  92 0028 97000000 		.4byte	.LASF0
  93 002c 02       		.uleb128 0x2
  94 002d 01       		.byte	0x1
  95 002e 08       		.byte	0x8
  96 002f 5C000000 		.4byte	.LASF1
  97 0033 02       		.uleb128 0x2
  98 0034 02       		.byte	0x2
  99 0035 05       		.byte	0x5
 100 0036 B5000000 		.4byte	.LASF2
 101 003a 02       		.uleb128 0x2
 102 003b 02       		.byte	0x2
 103 003c 07       		.byte	0x7
 104 003d 84000000 		.4byte	.LASF3
 105 0041 02       		.uleb128 0x2
 106 0042 04       		.byte	0x4
 107 0043 05       		.byte	0x5
 108 0044 6F000000 		.4byte	.LASF4
 109 0048 02       		.uleb128 0x2
 110 0049 04       		.byte	0x4
 111 004a 07       		.byte	0x7
 112 004b 2C000000 		.4byte	.LASF5
 113 004f 02       		.uleb128 0x2
 114 0050 08       		.byte	0x8
 115 0051 05       		.byte	0x5
 116 0052 00000000 		.4byte	.LASF6
 117 0056 02       		.uleb128 0x2
 118 0057 08       		.byte	0x8
 119 0058 07       		.byte	0x7
 120 0059 3E000000 		.4byte	.LASF7
 121 005d 03       		.uleb128 0x3
 122 005e 04       		.byte	0x4
 123 005f 05       		.byte	0x5
 124 0060 696E7400 		.ascii	"int\000"
 125 0064 02       		.uleb128 0x2
 126 0065 04       		.byte	0x4
 127 0066 07       		.byte	0x7
 128 0067 15000000 		.4byte	.LASF8
 129 006b 04       		.uleb128 0x4
ARM GAS  C:\Users\mohammed\AppData\Local\Temp\ccSGH1yD.s 			page 5


 130 006c 0E000000 		.4byte	.LASF18
 131 0070 02       		.byte	0x2
 132 0071 3A01     		.2byte	0x13a
 133 0073 48000000 		.4byte	0x48
 134 0077 02       		.uleb128 0x2
 135 0078 04       		.byte	0x4
 136 0079 04       		.byte	0x4
 137 007a AF000000 		.4byte	.LASF9
 138 007e 02       		.uleb128 0x2
 139 007f 08       		.byte	0x8
 140 0080 04       		.byte	0x4
 141 0081 7D000000 		.4byte	.LASF10
 142 0085 02       		.uleb128 0x2
 143 0086 01       		.byte	0x1
 144 0087 08       		.byte	0x8
 145 0088 6A000000 		.4byte	.LASF11
 146 008c 02       		.uleb128 0x2
 147 008d 04       		.byte	0x4
 148 008e 07       		.byte	0x7
 149 008f 4D010000 		.4byte	.LASF12
 150 0093 05       		.uleb128 0x5
 151 0094 04       		.byte	0x4
 152 0095 85000000 		.4byte	0x85
 153 0099 02       		.uleb128 0x2
 154 009a 08       		.byte	0x8
 155 009b 04       		.byte	0x4
 156 009c A3000000 		.4byte	.LASF13
 157 00a0 06       		.uleb128 0x6
 158 00a1 55000000 		.4byte	.LASF19
 159 00a5 01       		.byte	0x1
 160 00a6 58       		.byte	0x58
 161 00a7 5D000000 		.4byte	0x5d
 162 00ab 00000000 		.4byte	.LFB37
 163 00af 38000000 		.4byte	.LFE37-.LFB37
 164 00b3 01       		.uleb128 0x1
 165 00b4 9C       		.byte	0x9c
 166 00b5 07       		.uleb128 0x7
 167 00b6 78000000 		.4byte	.LASF14
 168 00ba 01       		.byte	0x1
 169 00bb 58       		.byte	0x58
 170 00bc 5D000000 		.4byte	0x5d
 171 00c0 02       		.uleb128 0x2
 172 00c1 91       		.byte	0x91
 173 00c2 6C       		.sleb128 -20
 174 00c3 08       		.uleb128 0x8
 175 00c4 70747200 		.ascii	"ptr\000"
 176 00c8 01       		.byte	0x1
 177 00c9 58       		.byte	0x58
 178 00ca 93000000 		.4byte	0x93
 179 00ce 02       		.uleb128 0x2
 180 00cf 91       		.byte	0x91
 181 00d0 68       		.sleb128 -24
 182 00d1 08       		.uleb128 0x8
 183 00d2 6C656E00 		.ascii	"len\000"
 184 00d6 01       		.byte	0x1
 185 00d7 58       		.byte	0x58
 186 00d8 5D000000 		.4byte	0x5d
ARM GAS  C:\Users\mohammed\AppData\Local\Temp\ccSGH1yD.s 			page 6


 187 00dc 02       		.uleb128 0x2
 188 00dd 91       		.byte	0x91
 189 00de 64       		.sleb128 -28
 190 00df 09       		.uleb128 0x9
 191 00e0 6900     		.ascii	"i\000"
 192 00e2 01       		.byte	0x1
 193 00e3 5A       		.byte	0x5a
 194 00e4 5D000000 		.4byte	0x5d
 195 00e8 02       		.uleb128 0x2
 196 00e9 91       		.byte	0x91
 197 00ea 74       		.sleb128 -12
 198 00eb 00       		.byte	0
 199 00ec 00       		.byte	0
 200              		.section	.debug_abbrev,"",%progbits
 201              	.Ldebug_abbrev0:
 202 0000 01       		.uleb128 0x1
 203 0001 11       		.uleb128 0x11
 204 0002 01       		.byte	0x1
 205 0003 25       		.uleb128 0x25
 206 0004 0E       		.uleb128 0xe
 207 0005 13       		.uleb128 0x13
 208 0006 0B       		.uleb128 0xb
 209 0007 03       		.uleb128 0x3
 210 0008 0E       		.uleb128 0xe
 211 0009 1B       		.uleb128 0x1b
 212 000a 0E       		.uleb128 0xe
 213 000b 55       		.uleb128 0x55
 214 000c 17       		.uleb128 0x17
 215 000d 11       		.uleb128 0x11
 216 000e 01       		.uleb128 0x1
 217 000f 10       		.uleb128 0x10
 218 0010 17       		.uleb128 0x17
 219 0011 00       		.byte	0
 220 0012 00       		.byte	0
 221 0013 02       		.uleb128 0x2
 222 0014 24       		.uleb128 0x24
 223 0015 00       		.byte	0
 224 0016 0B       		.uleb128 0xb
 225 0017 0B       		.uleb128 0xb
 226 0018 3E       		.uleb128 0x3e
 227 0019 0B       		.uleb128 0xb
 228 001a 03       		.uleb128 0x3
 229 001b 0E       		.uleb128 0xe
 230 001c 00       		.byte	0
 231 001d 00       		.byte	0
 232 001e 03       		.uleb128 0x3
 233 001f 24       		.uleb128 0x24
 234 0020 00       		.byte	0
 235 0021 0B       		.uleb128 0xb
 236 0022 0B       		.uleb128 0xb
 237 0023 3E       		.uleb128 0x3e
 238 0024 0B       		.uleb128 0xb
 239 0025 03       		.uleb128 0x3
 240 0026 08       		.uleb128 0x8
 241 0027 00       		.byte	0
 242 0028 00       		.byte	0
 243 0029 04       		.uleb128 0x4
ARM GAS  C:\Users\mohammed\AppData\Local\Temp\ccSGH1yD.s 			page 7


 244 002a 16       		.uleb128 0x16
 245 002b 00       		.byte	0
 246 002c 03       		.uleb128 0x3
 247 002d 0E       		.uleb128 0xe
 248 002e 3A       		.uleb128 0x3a
 249 002f 0B       		.uleb128 0xb
 250 0030 3B       		.uleb128 0x3b
 251 0031 05       		.uleb128 0x5
 252 0032 49       		.uleb128 0x49
 253 0033 13       		.uleb128 0x13
 254 0034 00       		.byte	0
 255 0035 00       		.byte	0
 256 0036 05       		.uleb128 0x5
 257 0037 0F       		.uleb128 0xf
 258 0038 00       		.byte	0
 259 0039 0B       		.uleb128 0xb
 260 003a 0B       		.uleb128 0xb
 261 003b 49       		.uleb128 0x49
 262 003c 13       		.uleb128 0x13
 263 003d 00       		.byte	0
 264 003e 00       		.byte	0
 265 003f 06       		.uleb128 0x6
 266 0040 2E       		.uleb128 0x2e
 267 0041 01       		.byte	0x1
 268 0042 3F       		.uleb128 0x3f
 269 0043 19       		.uleb128 0x19
 270 0044 03       		.uleb128 0x3
 271 0045 0E       		.uleb128 0xe
 272 0046 3A       		.uleb128 0x3a
 273 0047 0B       		.uleb128 0xb
 274 0048 3B       		.uleb128 0x3b
 275 0049 0B       		.uleb128 0xb
 276 004a 27       		.uleb128 0x27
 277 004b 19       		.uleb128 0x19
 278 004c 49       		.uleb128 0x49
 279 004d 13       		.uleb128 0x13
 280 004e 11       		.uleb128 0x11
 281 004f 01       		.uleb128 0x1
 282 0050 12       		.uleb128 0x12
 283 0051 06       		.uleb128 0x6
 284 0052 40       		.uleb128 0x40
 285 0053 18       		.uleb128 0x18
 286 0054 9642     		.uleb128 0x2116
 287 0056 19       		.uleb128 0x19
 288 0057 00       		.byte	0
 289 0058 00       		.byte	0
 290 0059 07       		.uleb128 0x7
 291 005a 05       		.uleb128 0x5
 292 005b 00       		.byte	0
 293 005c 03       		.uleb128 0x3
 294 005d 0E       		.uleb128 0xe
 295 005e 3A       		.uleb128 0x3a
 296 005f 0B       		.uleb128 0xb
 297 0060 3B       		.uleb128 0x3b
 298 0061 0B       		.uleb128 0xb
 299 0062 49       		.uleb128 0x49
 300 0063 13       		.uleb128 0x13
ARM GAS  C:\Users\mohammed\AppData\Local\Temp\ccSGH1yD.s 			page 8


 301 0064 02       		.uleb128 0x2
 302 0065 18       		.uleb128 0x18
 303 0066 00       		.byte	0
 304 0067 00       		.byte	0
 305 0068 08       		.uleb128 0x8
 306 0069 05       		.uleb128 0x5
 307 006a 00       		.byte	0
 308 006b 03       		.uleb128 0x3
 309 006c 08       		.uleb128 0x8
 310 006d 3A       		.uleb128 0x3a
 311 006e 0B       		.uleb128 0xb
 312 006f 3B       		.uleb128 0x3b
 313 0070 0B       		.uleb128 0xb
 314 0071 49       		.uleb128 0x49
 315 0072 13       		.uleb128 0x13
 316 0073 02       		.uleb128 0x2
 317 0074 18       		.uleb128 0x18
 318 0075 00       		.byte	0
 319 0076 00       		.byte	0
 320 0077 09       		.uleb128 0x9
 321 0078 34       		.uleb128 0x34
 322 0079 00       		.byte	0
 323 007a 03       		.uleb128 0x3
 324 007b 08       		.uleb128 0x8
 325 007c 3A       		.uleb128 0x3a
 326 007d 0B       		.uleb128 0xb
 327 007e 3B       		.uleb128 0x3b
 328 007f 0B       		.uleb128 0xb
 329 0080 49       		.uleb128 0x49
 330 0081 13       		.uleb128 0x13
 331 0082 02       		.uleb128 0x2
 332 0083 18       		.uleb128 0x18
 333 0084 00       		.byte	0
 334 0085 00       		.byte	0
 335 0086 00       		.byte	0
 336              		.section	.debug_aranges,"",%progbits
 337 0000 1C000000 		.4byte	0x1c
 338 0004 0200     		.2byte	0x2
 339 0006 00000000 		.4byte	.Ldebug_info0
 340 000a 04       		.byte	0x4
 341 000b 00       		.byte	0
 342 000c 0000     		.2byte	0
 343 000e 0000     		.2byte	0
 344 0010 00000000 		.4byte	.LFB37
 345 0014 38000000 		.4byte	.LFE37-.LFB37
 346 0018 00000000 		.4byte	0
 347 001c 00000000 		.4byte	0
 348              		.section	.debug_ranges,"",%progbits
 349              	.Ldebug_ranges0:
 350 0000 00000000 		.4byte	.LFB37
 351 0004 38000000 		.4byte	.LFE37
 352 0008 00000000 		.4byte	0
 353 000c 00000000 		.4byte	0
 354              		.section	.debug_line,"",%progbits
 355              	.Ldebug_line0:
 356 0000 6E000000 		.section	.debug_str,"MS",%progbits,1
 356      02004400 
ARM GAS  C:\Users\mohammed\AppData\Local\Temp\ccSGH1yD.s 			page 9


 356      00000201 
 356      FB0E0D00 
 356      01010101 
 357              	.LASF6:
 358 0000 6C6F6E67 		.ascii	"long long int\000"
 358      206C6F6E 
 358      6720696E 
 358      7400
 359              	.LASF18:
 360 000e 75696E74 		.ascii	"uint32\000"
 360      333200
 361              	.LASF8:
 362 0015 756E7369 		.ascii	"unsigned int\000"
 362      676E6564 
 362      20696E74 
 362      00
 363              	.LASF16:
 364 0022 2E5C6465 		.ascii	".\\debug.c\000"
 364      6275672E 
 364      6300
 365              	.LASF5:
 366 002c 6C6F6E67 		.ascii	"long unsigned int\000"
 366      20756E73 
 366      69676E65 
 366      6420696E 
 366      7400
 367              	.LASF7:
 368 003e 6C6F6E67 		.ascii	"long long unsigned int\000"
 368      206C6F6E 
 368      6720756E 
 368      7369676E 
 368      65642069 
 369              	.LASF19:
 370 0055 5F777269 		.ascii	"_write\000"
 370      746500
 371              	.LASF1:
 372 005c 756E7369 		.ascii	"unsigned char\000"
 372      676E6564 
 372      20636861 
 372      7200
 373              	.LASF11:
 374 006a 63686172 		.ascii	"char\000"
 374      00
 375              	.LASF4:
 376 006f 6C6F6E67 		.ascii	"long int\000"
 376      20696E74 
 376      00
 377              	.LASF14:
 378 0078 66696C65 		.ascii	"file\000"
 378      00
 379              	.LASF10:
 380 007d 646F7562 		.ascii	"double\000"
 380      6C6500
 381              	.LASF3:
 382 0084 73686F72 		.ascii	"short unsigned int\000"
 382      7420756E 
 382      7369676E 
ARM GAS  C:\Users\mohammed\AppData\Local\Temp\ccSGH1yD.s 			page 10


 382      65642069 
 382      6E7400
 383              	.LASF0:
 384 0097 7369676E 		.ascii	"signed char\000"
 384      65642063 
 384      68617200 
 385              	.LASF13:
 386 00a3 6C6F6E67 		.ascii	"long double\000"
 386      20646F75 
 386      626C6500 
 387              	.LASF9:
 388 00af 666C6F61 		.ascii	"float\000"
 388      7400
 389              	.LASF2:
 390 00b5 73686F72 		.ascii	"short int\000"
 390      7420696E 
 390      7400
 391              	.LASF15:
 392 00bf 474E5520 		.ascii	"GNU C 4.9.3 20150303 (release) [ARM/embedded-4_9-br"
 392      4320342E 
 392      392E3320 
 392      32303135 
 392      30333033 
 393 00f2 616E6368 		.ascii	"anch revision 221220] -mcpu=cortex-m0 -mthumb -g -O"
 393      20726576 
 393      6973696F 
 393      6E203232 
 393      31323230 
 394 0125 30202D66 		.ascii	"0 -ffunction-sections -ffat-lto-objects\000"
 394      66756E63 
 394      74696F6E 
 394      2D736563 
 394      74696F6E 
 395              	.LASF12:
 396 014d 73697A65 		.ascii	"sizetype\000"
 396      74797065 
 396      00
 397              	.LASF17:
 398 0156 443A5C49 		.ascii	"D:\\IoT\\PSoC Creator\\BLE_Proximity02\\BLE_Proximi"
 398      6F545C50 
 398      536F4320 
 398      43726561 
 398      746F725C 
 399 0185 74793031 		.ascii	"ty01.cydsn\000"
 399      2E637964 
 399      736E00
 400              		.ident	"GCC: (GNU Tools for ARM Embedded Processors) 4.9.3 20150303 (release) [ARM/embedded-4_9-br
