ARM GAS  C:\Users\mohammed\AppData\Local\Temp\ccRifYxG.s 			page 1


   1              		.cpu cortex-m0
   2              		.fpu softvfp
   3              		.eabi_attribute 20, 1
   4              		.eabi_attribute 21, 1
   5              		.eabi_attribute 23, 3
   6              		.eabi_attribute 24, 1
   7              		.eabi_attribute 25, 1
   8              		.eabi_attribute 26, 1
   9              		.eabi_attribute 30, 6
  10              		.eabi_attribute 34, 0
  11              		.eabi_attribute 18, 4
  12              		.code	16
  13              		.file	"Timer_1_PM.c"
  14              		.text
  15              	.Ltext0:
  16              		.cfi_sections	.debug_frame
  17              		.bss
  18              		.align	2
  19              	Timer_1_backup:
  20 0000 00000000 		.space	6
  20      0000
  21 0006 0000     		.section	.text.Timer_1_SaveConfig,"ax",%progbits
  22              		.align	2
  23              		.global	Timer_1_SaveConfig
  24              		.code	16
  25              		.thumb_func
  26              		.type	Timer_1_SaveConfig, %function
  27              	Timer_1_SaveConfig:
  28              	.LFB2:
  29              		.file 1 ".\\Generated_Source\\PSoC4\\Timer_1_PM.c"
   1:.\Generated_Source\PSoC4/Timer_1_PM.c **** /*******************************************************************************
   2:.\Generated_Source\PSoC4/Timer_1_PM.c **** * File Name: Timer_1_PM.c
   3:.\Generated_Source\PSoC4/Timer_1_PM.c **** * Version 2.70
   4:.\Generated_Source\PSoC4/Timer_1_PM.c **** *
   5:.\Generated_Source\PSoC4/Timer_1_PM.c **** *  Description:
   6:.\Generated_Source\PSoC4/Timer_1_PM.c **** *     This file provides the power management source code to API for the
   7:.\Generated_Source\PSoC4/Timer_1_PM.c **** *     Timer.
   8:.\Generated_Source\PSoC4/Timer_1_PM.c **** *
   9:.\Generated_Source\PSoC4/Timer_1_PM.c **** *   Note:
  10:.\Generated_Source\PSoC4/Timer_1_PM.c **** *     None
  11:.\Generated_Source\PSoC4/Timer_1_PM.c **** *
  12:.\Generated_Source\PSoC4/Timer_1_PM.c **** *******************************************************************************
  13:.\Generated_Source\PSoC4/Timer_1_PM.c **** * Copyright 2008-2014, Cypress Semiconductor Corporation.  All rights reserved.
  14:.\Generated_Source\PSoC4/Timer_1_PM.c **** * You may use this file only in accordance with the license, terms, conditions,
  15:.\Generated_Source\PSoC4/Timer_1_PM.c **** * disclaimers, and limitations in the end user license agreement accompanying
  16:.\Generated_Source\PSoC4/Timer_1_PM.c **** * the software package with which this file was provided.
  17:.\Generated_Source\PSoC4/Timer_1_PM.c **** ********************************************************************************/
  18:.\Generated_Source\PSoC4/Timer_1_PM.c **** 
  19:.\Generated_Source\PSoC4/Timer_1_PM.c **** #include "Timer_1.h"
  20:.\Generated_Source\PSoC4/Timer_1_PM.c **** 
  21:.\Generated_Source\PSoC4/Timer_1_PM.c **** static Timer_1_backupStruct Timer_1_backup;
  22:.\Generated_Source\PSoC4/Timer_1_PM.c **** 
  23:.\Generated_Source\PSoC4/Timer_1_PM.c **** 
  24:.\Generated_Source\PSoC4/Timer_1_PM.c **** /*******************************************************************************
  25:.\Generated_Source\PSoC4/Timer_1_PM.c **** * Function Name: Timer_1_SaveConfig
  26:.\Generated_Source\PSoC4/Timer_1_PM.c **** ********************************************************************************
  27:.\Generated_Source\PSoC4/Timer_1_PM.c **** *
ARM GAS  C:\Users\mohammed\AppData\Local\Temp\ccRifYxG.s 			page 2


  28:.\Generated_Source\PSoC4/Timer_1_PM.c **** * Summary:
  29:.\Generated_Source\PSoC4/Timer_1_PM.c **** *     Save the current user configuration
  30:.\Generated_Source\PSoC4/Timer_1_PM.c **** *
  31:.\Generated_Source\PSoC4/Timer_1_PM.c **** * Parameters:
  32:.\Generated_Source\PSoC4/Timer_1_PM.c **** *  void
  33:.\Generated_Source\PSoC4/Timer_1_PM.c **** *
  34:.\Generated_Source\PSoC4/Timer_1_PM.c **** * Return:
  35:.\Generated_Source\PSoC4/Timer_1_PM.c **** *  void
  36:.\Generated_Source\PSoC4/Timer_1_PM.c **** *
  37:.\Generated_Source\PSoC4/Timer_1_PM.c **** * Global variables:
  38:.\Generated_Source\PSoC4/Timer_1_PM.c **** *  Timer_1_backup:  Variables of this global structure are modified to
  39:.\Generated_Source\PSoC4/Timer_1_PM.c **** *  store the values of non retention configuration registers when Sleep() API is
  40:.\Generated_Source\PSoC4/Timer_1_PM.c **** *  called.
  41:.\Generated_Source\PSoC4/Timer_1_PM.c **** *
  42:.\Generated_Source\PSoC4/Timer_1_PM.c **** *******************************************************************************/
  43:.\Generated_Source\PSoC4/Timer_1_PM.c **** void Timer_1_SaveConfig(void) 
  44:.\Generated_Source\PSoC4/Timer_1_PM.c **** {
  30              		.loc 1 44 0
  31              		.cfi_startproc
  32 0000 80B5     		push	{r7, lr}
  33              		.cfi_def_cfa_offset 8
  34              		.cfi_offset 7, -8
  35              		.cfi_offset 14, -4
  36 0002 00AF     		add	r7, sp, #0
  37              		.cfi_def_cfa_register 7
  45:.\Generated_Source\PSoC4/Timer_1_PM.c ****     #if (!Timer_1_UsingFixedFunction)
  46:.\Generated_Source\PSoC4/Timer_1_PM.c ****         Timer_1_backup.TimerUdb = Timer_1_ReadCounter();
  38              		.loc 1 46 0
  39 0004 FFF7FEFF 		bl	Timer_1_ReadCounter
  40 0008 031C     		mov	r3, r0
  41 000a 1A1C     		mov	r2, r3
  42 000c 074B     		ldr	r3, .L2
  43 000e 5A80     		strh	r2, [r3, #2]
  47:.\Generated_Source\PSoC4/Timer_1_PM.c ****         Timer_1_backup.InterruptMaskValue = Timer_1_STATUS_MASK;
  44              		.loc 1 47 0
  45 0010 074B     		ldr	r3, .L2+4
  46 0012 1B78     		ldrb	r3, [r3]
  47 0014 DAB2     		uxtb	r2, r3
  48 0016 054B     		ldr	r3, .L2
  49 0018 1A71     		strb	r2, [r3, #4]
  48:.\Generated_Source\PSoC4/Timer_1_PM.c ****         #if (Timer_1_UsingHWCaptureCounter)
  49:.\Generated_Source\PSoC4/Timer_1_PM.c ****             Timer_1_backup.TimerCaptureCounter = Timer_1_ReadCaptureCount();
  50:.\Generated_Source\PSoC4/Timer_1_PM.c ****         #endif /* Back Up capture counter register  */
  51:.\Generated_Source\PSoC4/Timer_1_PM.c **** 
  52:.\Generated_Source\PSoC4/Timer_1_PM.c ****         #if(!Timer_1_UDB_CONTROL_REG_REMOVED)
  53:.\Generated_Source\PSoC4/Timer_1_PM.c ****             Timer_1_backup.TimerControlRegister = Timer_1_ReadControlRegister();
  50              		.loc 1 53 0
  51 001a FFF7FEFF 		bl	Timer_1_ReadControlRegister
  52 001e 031C     		mov	r3, r0
  53 0020 1A1C     		mov	r2, r3
  54 0022 024B     		ldr	r3, .L2
  55 0024 5A71     		strb	r2, [r3, #5]
  54:.\Generated_Source\PSoC4/Timer_1_PM.c ****         #endif /* Backup the enable state of the Timer component */
  55:.\Generated_Source\PSoC4/Timer_1_PM.c ****     #endif /* Backup non retention registers in UDB implementation. All fixed function registers ar
  56:.\Generated_Source\PSoC4/Timer_1_PM.c **** }
  56              		.loc 1 56 0
  57 0026 BD46     		mov	sp, r7
ARM GAS  C:\Users\mohammed\AppData\Local\Temp\ccRifYxG.s 			page 3


  58              		@ sp needed
  59 0028 80BD     		pop	{r7, pc}
  60              	.L3:
  61 002a C046     		.align	2
  62              	.L2:
  63 002c 00000000 		.word	Timer_1_backup
  64 0030 83000F40 		.word	1074724995
  65              		.cfi_endproc
  66              	.LFE2:
  67              		.size	Timer_1_SaveConfig, .-Timer_1_SaveConfig
  68              		.section	.text.Timer_1_RestoreConfig,"ax",%progbits
  69              		.align	2
  70              		.global	Timer_1_RestoreConfig
  71              		.code	16
  72              		.thumb_func
  73              		.type	Timer_1_RestoreConfig, %function
  74              	Timer_1_RestoreConfig:
  75              	.LFB3:
  57:.\Generated_Source\PSoC4/Timer_1_PM.c **** 
  58:.\Generated_Source\PSoC4/Timer_1_PM.c **** 
  59:.\Generated_Source\PSoC4/Timer_1_PM.c **** /*******************************************************************************
  60:.\Generated_Source\PSoC4/Timer_1_PM.c **** * Function Name: Timer_1_RestoreConfig
  61:.\Generated_Source\PSoC4/Timer_1_PM.c **** ********************************************************************************
  62:.\Generated_Source\PSoC4/Timer_1_PM.c **** *
  63:.\Generated_Source\PSoC4/Timer_1_PM.c **** * Summary:
  64:.\Generated_Source\PSoC4/Timer_1_PM.c **** *  Restores the current user configuration.
  65:.\Generated_Source\PSoC4/Timer_1_PM.c **** *
  66:.\Generated_Source\PSoC4/Timer_1_PM.c **** * Parameters:
  67:.\Generated_Source\PSoC4/Timer_1_PM.c **** *  void
  68:.\Generated_Source\PSoC4/Timer_1_PM.c **** *
  69:.\Generated_Source\PSoC4/Timer_1_PM.c **** * Return:
  70:.\Generated_Source\PSoC4/Timer_1_PM.c **** *  void
  71:.\Generated_Source\PSoC4/Timer_1_PM.c **** *
  72:.\Generated_Source\PSoC4/Timer_1_PM.c **** * Global variables:
  73:.\Generated_Source\PSoC4/Timer_1_PM.c **** *  Timer_1_backup:  Variables of this global structure are used to
  74:.\Generated_Source\PSoC4/Timer_1_PM.c **** *  restore the values of non retention registers on wakeup from sleep mode.
  75:.\Generated_Source\PSoC4/Timer_1_PM.c **** *
  76:.\Generated_Source\PSoC4/Timer_1_PM.c **** *******************************************************************************/
  77:.\Generated_Source\PSoC4/Timer_1_PM.c **** void Timer_1_RestoreConfig(void) 
  78:.\Generated_Source\PSoC4/Timer_1_PM.c **** {   
  76              		.loc 1 78 0
  77              		.cfi_startproc
  78 0000 80B5     		push	{r7, lr}
  79              		.cfi_def_cfa_offset 8
  80              		.cfi_offset 7, -8
  81              		.cfi_offset 14, -4
  82 0002 00AF     		add	r7, sp, #0
  83              		.cfi_def_cfa_register 7
  79:.\Generated_Source\PSoC4/Timer_1_PM.c ****     #if (!Timer_1_UsingFixedFunction)
  80:.\Generated_Source\PSoC4/Timer_1_PM.c **** 
  81:.\Generated_Source\PSoC4/Timer_1_PM.c ****         Timer_1_WriteCounter(Timer_1_backup.TimerUdb);
  84              		.loc 1 81 0
  85 0004 074B     		ldr	r3, .L5
  86 0006 5B88     		ldrh	r3, [r3, #2]
  87 0008 181C     		mov	r0, r3
  88 000a FFF7FEFF 		bl	Timer_1_WriteCounter
  82:.\Generated_Source\PSoC4/Timer_1_PM.c ****         Timer_1_STATUS_MASK =Timer_1_backup.InterruptMaskValue;
ARM GAS  C:\Users\mohammed\AppData\Local\Temp\ccRifYxG.s 			page 4


  89              		.loc 1 82 0
  90 000e 064A     		ldr	r2, .L5+4
  91 0010 044B     		ldr	r3, .L5
  92 0012 1B79     		ldrb	r3, [r3, #4]
  93 0014 1370     		strb	r3, [r2]
  83:.\Generated_Source\PSoC4/Timer_1_PM.c ****         #if (Timer_1_UsingHWCaptureCounter)
  84:.\Generated_Source\PSoC4/Timer_1_PM.c ****             Timer_1_SetCaptureCount(Timer_1_backup.TimerCaptureCounter);
  85:.\Generated_Source\PSoC4/Timer_1_PM.c ****         #endif /* Restore Capture counter register*/
  86:.\Generated_Source\PSoC4/Timer_1_PM.c **** 
  87:.\Generated_Source\PSoC4/Timer_1_PM.c ****         #if(!Timer_1_UDB_CONTROL_REG_REMOVED)
  88:.\Generated_Source\PSoC4/Timer_1_PM.c ****             Timer_1_WriteControlRegister(Timer_1_backup.TimerControlRegister);
  94              		.loc 1 88 0
  95 0016 034B     		ldr	r3, .L5
  96 0018 5B79     		ldrb	r3, [r3, #5]
  97 001a 181C     		mov	r0, r3
  98 001c FFF7FEFF 		bl	Timer_1_WriteControlRegister
  89:.\Generated_Source\PSoC4/Timer_1_PM.c ****         #endif /* Restore the enable state of the Timer component */
  90:.\Generated_Source\PSoC4/Timer_1_PM.c ****     #endif /* Restore non retention registers in the UDB implementation only */
  91:.\Generated_Source\PSoC4/Timer_1_PM.c **** }
  99              		.loc 1 91 0
 100 0020 BD46     		mov	sp, r7
 101              		@ sp needed
 102 0022 80BD     		pop	{r7, pc}
 103              	.L6:
 104              		.align	2
 105              	.L5:
 106 0024 00000000 		.word	Timer_1_backup
 107 0028 83000F40 		.word	1074724995
 108              		.cfi_endproc
 109              	.LFE3:
 110              		.size	Timer_1_RestoreConfig, .-Timer_1_RestoreConfig
 111              		.section	.text.Timer_1_Sleep,"ax",%progbits
 112              		.align	2
 113              		.global	Timer_1_Sleep
 114              		.code	16
 115              		.thumb_func
 116              		.type	Timer_1_Sleep, %function
 117              	Timer_1_Sleep:
 118              	.LFB4:
  92:.\Generated_Source\PSoC4/Timer_1_PM.c **** 
  93:.\Generated_Source\PSoC4/Timer_1_PM.c **** 
  94:.\Generated_Source\PSoC4/Timer_1_PM.c **** /*******************************************************************************
  95:.\Generated_Source\PSoC4/Timer_1_PM.c **** * Function Name: Timer_1_Sleep
  96:.\Generated_Source\PSoC4/Timer_1_PM.c **** ********************************************************************************
  97:.\Generated_Source\PSoC4/Timer_1_PM.c **** *
  98:.\Generated_Source\PSoC4/Timer_1_PM.c **** * Summary:
  99:.\Generated_Source\PSoC4/Timer_1_PM.c **** *     Stop and Save the user configuration
 100:.\Generated_Source\PSoC4/Timer_1_PM.c **** *
 101:.\Generated_Source\PSoC4/Timer_1_PM.c **** * Parameters:
 102:.\Generated_Source\PSoC4/Timer_1_PM.c **** *  void
 103:.\Generated_Source\PSoC4/Timer_1_PM.c **** *
 104:.\Generated_Source\PSoC4/Timer_1_PM.c **** * Return:
 105:.\Generated_Source\PSoC4/Timer_1_PM.c **** *  void
 106:.\Generated_Source\PSoC4/Timer_1_PM.c **** *
 107:.\Generated_Source\PSoC4/Timer_1_PM.c **** * Global variables:
 108:.\Generated_Source\PSoC4/Timer_1_PM.c **** *  Timer_1_backup.TimerEnableState:  Is modified depending on the
 109:.\Generated_Source\PSoC4/Timer_1_PM.c **** *  enable state of the block before entering sleep mode.
ARM GAS  C:\Users\mohammed\AppData\Local\Temp\ccRifYxG.s 			page 5


 110:.\Generated_Source\PSoC4/Timer_1_PM.c **** *
 111:.\Generated_Source\PSoC4/Timer_1_PM.c **** *******************************************************************************/
 112:.\Generated_Source\PSoC4/Timer_1_PM.c **** void Timer_1_Sleep(void) 
 113:.\Generated_Source\PSoC4/Timer_1_PM.c **** {
 119              		.loc 1 113 0
 120              		.cfi_startproc
 121 0000 80B5     		push	{r7, lr}
 122              		.cfi_def_cfa_offset 8
 123              		.cfi_offset 7, -8
 124              		.cfi_offset 14, -4
 125 0002 00AF     		add	r7, sp, #0
 126              		.cfi_def_cfa_register 7
 114:.\Generated_Source\PSoC4/Timer_1_PM.c ****     #if(!Timer_1_UDB_CONTROL_REG_REMOVED)
 115:.\Generated_Source\PSoC4/Timer_1_PM.c ****         /* Save Counter's enable state */
 116:.\Generated_Source\PSoC4/Timer_1_PM.c ****         if(Timer_1_CTRL_ENABLE == (Timer_1_CONTROL & Timer_1_CTRL_ENABLE))
 127              		.loc 1 116 0
 128 0004 094B     		ldr	r3, .L10
 129 0006 1B78     		ldrb	r3, [r3]
 130 0008 DBB2     		uxtb	r3, r3
 131 000a DBB2     		uxtb	r3, r3
 132 000c 5BB2     		sxtb	r3, r3
 133 000e 002B     		cmp	r3, #0
 134 0010 03DA     		bge	.L8
 117:.\Generated_Source\PSoC4/Timer_1_PM.c ****         {
 118:.\Generated_Source\PSoC4/Timer_1_PM.c ****             /* Timer is enabled */
 119:.\Generated_Source\PSoC4/Timer_1_PM.c ****             Timer_1_backup.TimerEnableState = 1u;
 135              		.loc 1 119 0
 136 0012 074B     		ldr	r3, .L10+4
 137 0014 0122     		mov	r2, #1
 138 0016 1A70     		strb	r2, [r3]
 139 0018 02E0     		b	.L9
 140              	.L8:
 120:.\Generated_Source\PSoC4/Timer_1_PM.c ****         }
 121:.\Generated_Source\PSoC4/Timer_1_PM.c ****         else
 122:.\Generated_Source\PSoC4/Timer_1_PM.c ****         {
 123:.\Generated_Source\PSoC4/Timer_1_PM.c ****             /* Timer is disabled */
 124:.\Generated_Source\PSoC4/Timer_1_PM.c ****             Timer_1_backup.TimerEnableState = 0u;
 141              		.loc 1 124 0
 142 001a 054B     		ldr	r3, .L10+4
 143 001c 0022     		mov	r2, #0
 144 001e 1A70     		strb	r2, [r3]
 145              	.L9:
 125:.\Generated_Source\PSoC4/Timer_1_PM.c ****         }
 126:.\Generated_Source\PSoC4/Timer_1_PM.c ****     #endif /* Back up enable state from the Timer control register */
 127:.\Generated_Source\PSoC4/Timer_1_PM.c ****     Timer_1_Stop();
 146              		.loc 1 127 0
 147 0020 FFF7FEFF 		bl	Timer_1_Stop
 128:.\Generated_Source\PSoC4/Timer_1_PM.c ****     Timer_1_SaveConfig();
 148              		.loc 1 128 0
 149 0024 FFF7FEFF 		bl	Timer_1_SaveConfig
 129:.\Generated_Source\PSoC4/Timer_1_PM.c **** }
 150              		.loc 1 129 0
 151 0028 BD46     		mov	sp, r7
 152              		@ sp needed
 153 002a 80BD     		pop	{r7, pc}
 154              	.L11:
 155              		.align	2
ARM GAS  C:\Users\mohammed\AppData\Local\Temp\ccRifYxG.s 			page 6


 156              	.L10:
 157 002c 73000F40 		.word	1074724979
 158 0030 00000000 		.word	Timer_1_backup
 159              		.cfi_endproc
 160              	.LFE4:
 161              		.size	Timer_1_Sleep, .-Timer_1_Sleep
 162              		.section	.text.Timer_1_Wakeup,"ax",%progbits
 163              		.align	2
 164              		.global	Timer_1_Wakeup
 165              		.code	16
 166              		.thumb_func
 167              		.type	Timer_1_Wakeup, %function
 168              	Timer_1_Wakeup:
 169              	.LFB5:
 130:.\Generated_Source\PSoC4/Timer_1_PM.c **** 
 131:.\Generated_Source\PSoC4/Timer_1_PM.c **** 
 132:.\Generated_Source\PSoC4/Timer_1_PM.c **** /*******************************************************************************
 133:.\Generated_Source\PSoC4/Timer_1_PM.c **** * Function Name: Timer_1_Wakeup
 134:.\Generated_Source\PSoC4/Timer_1_PM.c **** ********************************************************************************
 135:.\Generated_Source\PSoC4/Timer_1_PM.c **** *
 136:.\Generated_Source\PSoC4/Timer_1_PM.c **** * Summary:
 137:.\Generated_Source\PSoC4/Timer_1_PM.c **** *  Restores and enables the user configuration
 138:.\Generated_Source\PSoC4/Timer_1_PM.c **** *
 139:.\Generated_Source\PSoC4/Timer_1_PM.c **** * Parameters:
 140:.\Generated_Source\PSoC4/Timer_1_PM.c **** *  void
 141:.\Generated_Source\PSoC4/Timer_1_PM.c **** *
 142:.\Generated_Source\PSoC4/Timer_1_PM.c **** * Return:
 143:.\Generated_Source\PSoC4/Timer_1_PM.c **** *  void
 144:.\Generated_Source\PSoC4/Timer_1_PM.c **** *
 145:.\Generated_Source\PSoC4/Timer_1_PM.c **** * Global variables:
 146:.\Generated_Source\PSoC4/Timer_1_PM.c **** *  Timer_1_backup.enableState:  Is used to restore the enable state of
 147:.\Generated_Source\PSoC4/Timer_1_PM.c **** *  block on wakeup from sleep mode.
 148:.\Generated_Source\PSoC4/Timer_1_PM.c **** *
 149:.\Generated_Source\PSoC4/Timer_1_PM.c **** *******************************************************************************/
 150:.\Generated_Source\PSoC4/Timer_1_PM.c **** void Timer_1_Wakeup(void) 
 151:.\Generated_Source\PSoC4/Timer_1_PM.c **** {
 170              		.loc 1 151 0
 171              		.cfi_startproc
 172 0000 80B5     		push	{r7, lr}
 173              		.cfi_def_cfa_offset 8
 174              		.cfi_offset 7, -8
 175              		.cfi_offset 14, -4
 176 0002 00AF     		add	r7, sp, #0
 177              		.cfi_def_cfa_register 7
 152:.\Generated_Source\PSoC4/Timer_1_PM.c ****     Timer_1_RestoreConfig();
 178              		.loc 1 152 0
 179 0004 FFF7FEFF 		bl	Timer_1_RestoreConfig
 153:.\Generated_Source\PSoC4/Timer_1_PM.c ****     #if(!Timer_1_UDB_CONTROL_REG_REMOVED)
 154:.\Generated_Source\PSoC4/Timer_1_PM.c ****         if(Timer_1_backup.TimerEnableState == 1u)
 180              		.loc 1 154 0
 181 0008 034B     		ldr	r3, .L14
 182 000a 1B78     		ldrb	r3, [r3]
 183 000c 012B     		cmp	r3, #1
 184 000e 01D1     		bne	.L12
 155:.\Generated_Source\PSoC4/Timer_1_PM.c ****         {     /* Enable Timer's operation */
 156:.\Generated_Source\PSoC4/Timer_1_PM.c ****                 Timer_1_Enable();
 185              		.loc 1 156 0
ARM GAS  C:\Users\mohammed\AppData\Local\Temp\ccRifYxG.s 			page 7


 186 0010 FFF7FEFF 		bl	Timer_1_Enable
 187              	.L12:
 157:.\Generated_Source\PSoC4/Timer_1_PM.c ****         } /* Do nothing if Timer was disabled before */
 158:.\Generated_Source\PSoC4/Timer_1_PM.c ****     #endif /* Remove this code section if Control register is removed */
 159:.\Generated_Source\PSoC4/Timer_1_PM.c **** }
 188              		.loc 1 159 0
 189 0014 BD46     		mov	sp, r7
 190              		@ sp needed
 191 0016 80BD     		pop	{r7, pc}
 192              	.L15:
 193              		.align	2
 194              	.L14:
 195 0018 00000000 		.word	Timer_1_backup
 196              		.cfi_endproc
 197              	.LFE5:
 198              		.size	Timer_1_Wakeup, .-Timer_1_Wakeup
 199              		.text
 200              	.Letext0:
 201              		.file 2 ".\\Generated_Source\\PSoC4\\cytypes.h"
 202              		.file 3 ".\\Generated_Source\\PSoC4\\Timer_1.h"
 203              		.section	.debug_info,"",%progbits
 204              	.Ldebug_info0:
 205 0000 46010000 		.4byte	0x146
 206 0004 0400     		.2byte	0x4
 207 0006 00000000 		.4byte	.Ldebug_abbrev0
 208 000a 04       		.byte	0x4
 209 000b 01       		.uleb128 0x1
 210 000c 0E000000 		.4byte	.LASF25
 211 0010 01       		.byte	0x1
 212 0011 C0010000 		.4byte	.LASF26
 213 0015 5C010000 		.4byte	.LASF27
 214 0019 00000000 		.4byte	.Ldebug_ranges0+0
 215 001d 00000000 		.4byte	0
 216 0021 00000000 		.4byte	.Ldebug_line0
 217 0025 02       		.uleb128 0x2
 218 0026 01       		.byte	0x1
 219 0027 06       		.byte	0x6
 220 0028 F9010000 		.4byte	.LASF0
 221 002c 02       		.uleb128 0x2
 222 002d 01       		.byte	0x1
 223 002e 08       		.byte	0x8
 224 002f 05020000 		.4byte	.LASF1
 225 0033 02       		.uleb128 0x2
 226 0034 02       		.byte	0x2
 227 0035 05       		.byte	0x5
 228 0036 AF010000 		.4byte	.LASF2
 229 003a 02       		.uleb128 0x2
 230 003b 02       		.byte	0x2
 231 003c 07       		.byte	0x7
 232 003d E6010000 		.4byte	.LASF3
 233 0041 02       		.uleb128 0x2
 234 0042 04       		.byte	0x4
 235 0043 05       		.byte	0x5
 236 0044 A6010000 		.4byte	.LASF4
 237 0048 02       		.uleb128 0x2
 238 0049 04       		.byte	0x4
 239 004a 07       		.byte	0x7
ARM GAS  C:\Users\mohammed\AppData\Local\Temp\ccRifYxG.s 			page 8


 240 004b E6000000 		.4byte	.LASF5
 241 004f 02       		.uleb128 0x2
 242 0050 08       		.byte	0x8
 243 0051 05       		.byte	0x5
 244 0052 00000000 		.4byte	.LASF6
 245 0056 02       		.uleb128 0x2
 246 0057 08       		.byte	0x8
 247 0058 07       		.byte	0x7
 248 0059 F8000000 		.4byte	.LASF7
 249 005d 03       		.uleb128 0x3
 250 005e 04       		.byte	0x4
 251 005f 05       		.byte	0x5
 252 0060 696E7400 		.ascii	"int\000"
 253 0064 02       		.uleb128 0x2
 254 0065 04       		.byte	0x4
 255 0066 07       		.byte	0x7
 256 0067 9C000000 		.4byte	.LASF8
 257 006b 04       		.uleb128 0x4
 258 006c E0000000 		.4byte	.LASF9
 259 0070 02       		.byte	0x2
 260 0071 3801     		.2byte	0x138
 261 0073 2C000000 		.4byte	0x2c
 262 0077 04       		.uleb128 0x4
 263 0078 38020000 		.4byte	.LASF10
 264 007c 02       		.byte	0x2
 265 007d 3901     		.2byte	0x139
 266 007f 3A000000 		.4byte	0x3a
 267 0083 02       		.uleb128 0x2
 268 0084 04       		.byte	0x4
 269 0085 04       		.byte	0x4
 270 0086 13020000 		.4byte	.LASF11
 271 008a 02       		.uleb128 0x2
 272 008b 08       		.byte	0x8
 273 008c 04       		.byte	0x4
 274 008d B9010000 		.4byte	.LASF12
 275 0091 02       		.uleb128 0x2
 276 0092 01       		.byte	0x1
 277 0093 08       		.byte	0x8
 278 0094 57010000 		.4byte	.LASF13
 279 0098 04       		.uleb128 0x4
 280 0099 DB000000 		.4byte	.LASF14
 281 009d 02       		.byte	0x2
 282 009e E201     		.2byte	0x1e2
 283 00a0 A4000000 		.4byte	0xa4
 284 00a4 05       		.uleb128 0x5
 285 00a5 6B000000 		.4byte	0x6b
 286 00a9 02       		.uleb128 0x2
 287 00aa 04       		.byte	0x4
 288 00ab 07       		.byte	0x7
 289 00ac 52020000 		.4byte	.LASF15
 290 00b0 06       		.uleb128 0x6
 291 00b1 06       		.byte	0x6
 292 00b2 03       		.byte	0x3
 293 00b3 43       		.byte	0x43
 294 00b4 E9000000 		.4byte	0xe9
 295 00b8 07       		.uleb128 0x7
 296 00b9 24010000 		.4byte	.LASF16
ARM GAS  C:\Users\mohammed\AppData\Local\Temp\ccRifYxG.s 			page 9


 297 00bd 03       		.byte	0x3
 298 00be 45       		.byte	0x45
 299 00bf 6B000000 		.4byte	0x6b
 300 00c3 00       		.byte	0
 301 00c4 07       		.uleb128 0x7
 302 00c5 2F020000 		.4byte	.LASF17
 303 00c9 03       		.byte	0x3
 304 00ca 48       		.byte	0x48
 305 00cb 77000000 		.4byte	0x77
 306 00cf 02       		.byte	0x2
 307 00d0 07       		.uleb128 0x7
 308 00d1 3F020000 		.4byte	.LASF18
 309 00d5 03       		.byte	0x3
 310 00d6 49       		.byte	0x49
 311 00d7 6B000000 		.4byte	0x6b
 312 00db 04       		.byte	0x4
 313 00dc 07       		.uleb128 0x7
 314 00dd 0F010000 		.4byte	.LASF19
 315 00e1 03       		.byte	0x3
 316 00e2 4F       		.byte	0x4f
 317 00e3 6B000000 		.4byte	0x6b
 318 00e7 05       		.byte	0x5
 319 00e8 00       		.byte	0
 320 00e9 08       		.uleb128 0x8
 321 00ea A9000000 		.4byte	.LASF20
 322 00ee 03       		.byte	0x3
 323 00ef 53       		.byte	0x53
 324 00f0 B0000000 		.4byte	0xb0
 325 00f4 09       		.uleb128 0x9
 326 00f5 35010000 		.4byte	.LASF21
 327 00f9 01       		.byte	0x1
 328 00fa 2B       		.byte	0x2b
 329 00fb 00000000 		.4byte	.LFB2
 330 00ff 34000000 		.4byte	.LFE2-.LFB2
 331 0103 01       		.uleb128 0x1
 332 0104 9C       		.byte	0x9c
 333 0105 09       		.uleb128 0x9
 334 0106 19020000 		.4byte	.LASF22
 335 010a 01       		.byte	0x1
 336 010b 4D       		.byte	0x4d
 337 010c 00000000 		.4byte	.LFB3
 338 0110 2C000000 		.4byte	.LFE3-.LFB3
 339 0114 01       		.uleb128 0x1
 340 0115 9C       		.byte	0x9c
 341 0116 09       		.uleb128 0x9
 342 0117 BE000000 		.4byte	.LASF23
 343 011b 01       		.byte	0x1
 344 011c 70       		.byte	0x70
 345 011d 00000000 		.4byte	.LFB4
 346 0121 34000000 		.4byte	.LFE4-.LFB4
 347 0125 01       		.uleb128 0x1
 348 0126 9C       		.byte	0x9c
 349 0127 09       		.uleb128 0x9
 350 0128 48010000 		.4byte	.LASF24
 351 012c 01       		.byte	0x1
 352 012d 96       		.byte	0x96
 353 012e 00000000 		.4byte	.LFB5
ARM GAS  C:\Users\mohammed\AppData\Local\Temp\ccRifYxG.s 			page 10


 354 0132 1C000000 		.4byte	.LFE5-.LFB5
 355 0136 01       		.uleb128 0x1
 356 0137 9C       		.byte	0x9c
 357 0138 0A       		.uleb128 0xa
 358 0139 CC000000 		.4byte	.LASF28
 359 013d 01       		.byte	0x1
 360 013e 15       		.byte	0x15
 361 013f E9000000 		.4byte	0xe9
 362 0143 05       		.uleb128 0x5
 363 0144 03       		.byte	0x3
 364 0145 00000000 		.4byte	Timer_1_backup
 365 0149 00       		.byte	0
 366              		.section	.debug_abbrev,"",%progbits
 367              	.Ldebug_abbrev0:
 368 0000 01       		.uleb128 0x1
 369 0001 11       		.uleb128 0x11
 370 0002 01       		.byte	0x1
 371 0003 25       		.uleb128 0x25
 372 0004 0E       		.uleb128 0xe
 373 0005 13       		.uleb128 0x13
 374 0006 0B       		.uleb128 0xb
 375 0007 03       		.uleb128 0x3
 376 0008 0E       		.uleb128 0xe
 377 0009 1B       		.uleb128 0x1b
 378 000a 0E       		.uleb128 0xe
 379 000b 55       		.uleb128 0x55
 380 000c 17       		.uleb128 0x17
 381 000d 11       		.uleb128 0x11
 382 000e 01       		.uleb128 0x1
 383 000f 10       		.uleb128 0x10
 384 0010 17       		.uleb128 0x17
 385 0011 00       		.byte	0
 386 0012 00       		.byte	0
 387 0013 02       		.uleb128 0x2
 388 0014 24       		.uleb128 0x24
 389 0015 00       		.byte	0
 390 0016 0B       		.uleb128 0xb
 391 0017 0B       		.uleb128 0xb
 392 0018 3E       		.uleb128 0x3e
 393 0019 0B       		.uleb128 0xb
 394 001a 03       		.uleb128 0x3
 395 001b 0E       		.uleb128 0xe
 396 001c 00       		.byte	0
 397 001d 00       		.byte	0
 398 001e 03       		.uleb128 0x3
 399 001f 24       		.uleb128 0x24
 400 0020 00       		.byte	0
 401 0021 0B       		.uleb128 0xb
 402 0022 0B       		.uleb128 0xb
 403 0023 3E       		.uleb128 0x3e
 404 0024 0B       		.uleb128 0xb
 405 0025 03       		.uleb128 0x3
 406 0026 08       		.uleb128 0x8
 407 0027 00       		.byte	0
 408 0028 00       		.byte	0
 409 0029 04       		.uleb128 0x4
 410 002a 16       		.uleb128 0x16
ARM GAS  C:\Users\mohammed\AppData\Local\Temp\ccRifYxG.s 			page 11


 411 002b 00       		.byte	0
 412 002c 03       		.uleb128 0x3
 413 002d 0E       		.uleb128 0xe
 414 002e 3A       		.uleb128 0x3a
 415 002f 0B       		.uleb128 0xb
 416 0030 3B       		.uleb128 0x3b
 417 0031 05       		.uleb128 0x5
 418 0032 49       		.uleb128 0x49
 419 0033 13       		.uleb128 0x13
 420 0034 00       		.byte	0
 421 0035 00       		.byte	0
 422 0036 05       		.uleb128 0x5
 423 0037 35       		.uleb128 0x35
 424 0038 00       		.byte	0
 425 0039 49       		.uleb128 0x49
 426 003a 13       		.uleb128 0x13
 427 003b 00       		.byte	0
 428 003c 00       		.byte	0
 429 003d 06       		.uleb128 0x6
 430 003e 13       		.uleb128 0x13
 431 003f 01       		.byte	0x1
 432 0040 0B       		.uleb128 0xb
 433 0041 0B       		.uleb128 0xb
 434 0042 3A       		.uleb128 0x3a
 435 0043 0B       		.uleb128 0xb
 436 0044 3B       		.uleb128 0x3b
 437 0045 0B       		.uleb128 0xb
 438 0046 01       		.uleb128 0x1
 439 0047 13       		.uleb128 0x13
 440 0048 00       		.byte	0
 441 0049 00       		.byte	0
 442 004a 07       		.uleb128 0x7
 443 004b 0D       		.uleb128 0xd
 444 004c 00       		.byte	0
 445 004d 03       		.uleb128 0x3
 446 004e 0E       		.uleb128 0xe
 447 004f 3A       		.uleb128 0x3a
 448 0050 0B       		.uleb128 0xb
 449 0051 3B       		.uleb128 0x3b
 450 0052 0B       		.uleb128 0xb
 451 0053 49       		.uleb128 0x49
 452 0054 13       		.uleb128 0x13
 453 0055 38       		.uleb128 0x38
 454 0056 0B       		.uleb128 0xb
 455 0057 00       		.byte	0
 456 0058 00       		.byte	0
 457 0059 08       		.uleb128 0x8
 458 005a 16       		.uleb128 0x16
 459 005b 00       		.byte	0
 460 005c 03       		.uleb128 0x3
 461 005d 0E       		.uleb128 0xe
 462 005e 3A       		.uleb128 0x3a
 463 005f 0B       		.uleb128 0xb
 464 0060 3B       		.uleb128 0x3b
 465 0061 0B       		.uleb128 0xb
 466 0062 49       		.uleb128 0x49
 467 0063 13       		.uleb128 0x13
ARM GAS  C:\Users\mohammed\AppData\Local\Temp\ccRifYxG.s 			page 12


 468 0064 00       		.byte	0
 469 0065 00       		.byte	0
 470 0066 09       		.uleb128 0x9
 471 0067 2E       		.uleb128 0x2e
 472 0068 00       		.byte	0
 473 0069 3F       		.uleb128 0x3f
 474 006a 19       		.uleb128 0x19
 475 006b 03       		.uleb128 0x3
 476 006c 0E       		.uleb128 0xe
 477 006d 3A       		.uleb128 0x3a
 478 006e 0B       		.uleb128 0xb
 479 006f 3B       		.uleb128 0x3b
 480 0070 0B       		.uleb128 0xb
 481 0071 27       		.uleb128 0x27
 482 0072 19       		.uleb128 0x19
 483 0073 11       		.uleb128 0x11
 484 0074 01       		.uleb128 0x1
 485 0075 12       		.uleb128 0x12
 486 0076 06       		.uleb128 0x6
 487 0077 40       		.uleb128 0x40
 488 0078 18       		.uleb128 0x18
 489 0079 9642     		.uleb128 0x2116
 490 007b 19       		.uleb128 0x19
 491 007c 00       		.byte	0
 492 007d 00       		.byte	0
 493 007e 0A       		.uleb128 0xa
 494 007f 34       		.uleb128 0x34
 495 0080 00       		.byte	0
 496 0081 03       		.uleb128 0x3
 497 0082 0E       		.uleb128 0xe
 498 0083 3A       		.uleb128 0x3a
 499 0084 0B       		.uleb128 0xb
 500 0085 3B       		.uleb128 0x3b
 501 0086 0B       		.uleb128 0xb
 502 0087 49       		.uleb128 0x49
 503 0088 13       		.uleb128 0x13
 504 0089 02       		.uleb128 0x2
 505 008a 18       		.uleb128 0x18
 506 008b 00       		.byte	0
 507 008c 00       		.byte	0
 508 008d 00       		.byte	0
 509              		.section	.debug_aranges,"",%progbits
 510 0000 34000000 		.4byte	0x34
 511 0004 0200     		.2byte	0x2
 512 0006 00000000 		.4byte	.Ldebug_info0
 513 000a 04       		.byte	0x4
 514 000b 00       		.byte	0
 515 000c 0000     		.2byte	0
 516 000e 0000     		.2byte	0
 517 0010 00000000 		.4byte	.LFB2
 518 0014 34000000 		.4byte	.LFE2-.LFB2
 519 0018 00000000 		.4byte	.LFB3
 520 001c 2C000000 		.4byte	.LFE3-.LFB3
 521 0020 00000000 		.4byte	.LFB4
 522 0024 34000000 		.4byte	.LFE4-.LFB4
 523 0028 00000000 		.4byte	.LFB5
 524 002c 1C000000 		.4byte	.LFE5-.LFB5
ARM GAS  C:\Users\mohammed\AppData\Local\Temp\ccRifYxG.s 			page 13


 525 0030 00000000 		.4byte	0
 526 0034 00000000 		.4byte	0
 527              		.section	.debug_ranges,"",%progbits
 528              	.Ldebug_ranges0:
 529 0000 00000000 		.4byte	.LFB2
 530 0004 34000000 		.4byte	.LFE2
 531 0008 00000000 		.4byte	.LFB3
 532 000c 2C000000 		.4byte	.LFE3
 533 0010 00000000 		.4byte	.LFB4
 534 0014 34000000 		.4byte	.LFE4
 535 0018 00000000 		.4byte	.LFB5
 536 001c 1C000000 		.4byte	.LFE5
 537 0020 00000000 		.4byte	0
 538 0024 00000000 		.4byte	0
 539              		.section	.debug_line,"",%progbits
 540              	.Ldebug_line0:
 541 0000 AD000000 		.section	.debug_str,"MS",%progbits,1
 541      02005600 
 541      00000201 
 541      FB0E0D00 
 541      01010101 
 542              	.LASF6:
 543 0000 6C6F6E67 		.ascii	"long long int\000"
 543      206C6F6E 
 543      6720696E 
 543      7400
 544              	.LASF25:
 545 000e 474E5520 		.ascii	"GNU C 4.9.3 20150303 (release) [ARM/embedded-4_9-br"
 545      4320342E 
 545      392E3320 
 545      32303135 
 545      30333033 
 546 0041 616E6368 		.ascii	"anch revision 221220] -mcpu=cortex-m0 -mthumb -g -O"
 546      20726576 
 546      6973696F 
 546      6E203232 
 546      31323230 
 547 0074 30202D66 		.ascii	"0 -ffunction-sections -ffat-lto-objects\000"
 547      66756E63 
 547      74696F6E 
 547      2D736563 
 547      74696F6E 
 548              	.LASF8:
 549 009c 756E7369 		.ascii	"unsigned int\000"
 549      676E6564 
 549      20696E74 
 549      00
 550              	.LASF20:
 551 00a9 54696D65 		.ascii	"Timer_1_backupStruct\000"
 551      725F315F 
 551      6261636B 
 551      75705374 
 551      72756374 
 552              	.LASF23:
 553 00be 54696D65 		.ascii	"Timer_1_Sleep\000"
 553      725F315F 
 553      536C6565 
ARM GAS  C:\Users\mohammed\AppData\Local\Temp\ccRifYxG.s 			page 14


 553      7000
 554              	.LASF28:
 555 00cc 54696D65 		.ascii	"Timer_1_backup\000"
 555      725F315F 
 555      6261636B 
 555      757000
 556              	.LASF14:
 557 00db 72656738 		.ascii	"reg8\000"
 557      00
 558              	.LASF9:
 559 00e0 75696E74 		.ascii	"uint8\000"
 559      3800
 560              	.LASF5:
 561 00e6 6C6F6E67 		.ascii	"long unsigned int\000"
 561      20756E73 
 561      69676E65 
 561      6420696E 
 561      7400
 562              	.LASF7:
 563 00f8 6C6F6E67 		.ascii	"long long unsigned int\000"
 563      206C6F6E 
 563      6720756E 
 563      7369676E 
 563      65642069 
 564              	.LASF19:
 565 010f 54696D65 		.ascii	"TimerControlRegister\000"
 565      72436F6E 
 565      74726F6C 
 565      52656769 
 565      73746572 
 566              	.LASF16:
 567 0124 54696D65 		.ascii	"TimerEnableState\000"
 567      72456E61 
 567      626C6553 
 567      74617465 
 567      00
 568              	.LASF21:
 569 0135 54696D65 		.ascii	"Timer_1_SaveConfig\000"
 569      725F315F 
 569      53617665 
 569      436F6E66 
 569      696700
 570              	.LASF24:
 571 0148 54696D65 		.ascii	"Timer_1_Wakeup\000"
 571      725F315F 
 571      57616B65 
 571      757000
 572              	.LASF13:
 573 0157 63686172 		.ascii	"char\000"
 573      00
 574              	.LASF27:
 575 015c 443A5C49 		.ascii	"D:\\IoT\\ProximityEvents\\Cypress PSoC\\BLE_Proximi"
 575      6F545C50 
 575      726F7869 
 575      6D697479 
 575      4576656E 
 576 018b 74793032 		.ascii	"ty02\\BLE_Proximity01.cydsn\000"
ARM GAS  C:\Users\mohammed\AppData\Local\Temp\ccRifYxG.s 			page 15


 576      5C424C45 
 576      5F50726F 
 576      78696D69 
 576      74793031 
 577              	.LASF4:
 578 01a6 6C6F6E67 		.ascii	"long int\000"
 578      20696E74 
 578      00
 579              	.LASF2:
 580 01af 73686F72 		.ascii	"short int\000"
 580      7420696E 
 580      7400
 581              	.LASF12:
 582 01b9 646F7562 		.ascii	"double\000"
 582      6C6500
 583              	.LASF26:
 584 01c0 2E5C4765 		.ascii	".\\Generated_Source\\PSoC4\\Timer_1_PM.c\000"
 584      6E657261 
 584      7465645F 
 584      536F7572 
 584      63655C50 
 585              	.LASF3:
 586 01e6 73686F72 		.ascii	"short unsigned int\000"
 586      7420756E 
 586      7369676E 
 586      65642069 
 586      6E7400
 587              	.LASF0:
 588 01f9 7369676E 		.ascii	"signed char\000"
 588      65642063 
 588      68617200 
 589              	.LASF1:
 590 0205 756E7369 		.ascii	"unsigned char\000"
 590      676E6564 
 590      20636861 
 590      7200
 591              	.LASF11:
 592 0213 666C6F61 		.ascii	"float\000"
 592      7400
 593              	.LASF22:
 594 0219 54696D65 		.ascii	"Timer_1_RestoreConfig\000"
 594      725F315F 
 594      52657374 
 594      6F726543 
 594      6F6E6669 
 595              	.LASF17:
 596 022f 54696D65 		.ascii	"TimerUdb\000"
 596      72556462 
 596      00
 597              	.LASF10:
 598 0238 75696E74 		.ascii	"uint16\000"
 598      313600
 599              	.LASF18:
 600 023f 496E7465 		.ascii	"InterruptMaskValue\000"
 600      72727570 
 600      744D6173 
 600      6B56616C 
ARM GAS  C:\Users\mohammed\AppData\Local\Temp\ccRifYxG.s 			page 16


 600      756500
 601              	.LASF15:
 602 0252 73697A65 		.ascii	"sizetype\000"
 602      74797065 
 602      00
 603              		.ident	"GCC: (GNU Tools for ARM Embedded Processors) 4.9.3 20150303 (release) [ARM/embedded-4_9-br
