ARM GAS  C:\Users\mohammed\AppData\Local\Temp\ccCCeZbd.s 			page 1


   1              		.cpu cortex-m0
   2              		.fpu softvfp
   3              		.eabi_attribute 20, 1
   4              		.eabi_attribute 21, 1
   5              		.eabi_attribute 23, 3
   6              		.eabi_attribute 24, 1
   7              		.eabi_attribute 25, 1
   8              		.eabi_attribute 26, 1
   9              		.eabi_attribute 30, 6
  10              		.eabi_attribute 34, 0
  11              		.eabi_attribute 18, 4
  12              		.code	16
  13              		.file	"UART_DEB.c"
  14              		.text
  15              	.Ltext0:
  16              		.cfi_sections	.debug_frame
  17              		.global	UART_DEB_initVar
  18              		.bss
  19              		.type	UART_DEB_initVar, %object
  20              		.size	UART_DEB_initVar, 1
  21              	UART_DEB_initVar:
  22 0000 00       		.space	1
  23              		.section	.text.UART_DEB_Init,"ax",%progbits
  24              		.align	2
  25              		.global	UART_DEB_Init
  26              		.code	16
  27              		.thumb_func
  28              		.type	UART_DEB_Init, %function
  29              	UART_DEB_Init:
  30              	.LFB2:
  31              		.file 1 ".\\Generated_Source\\PSoC4\\UART_DEB.c"
   1:.\Generated_Source\PSoC4/UART_DEB.c **** /*******************************************************************************
   2:.\Generated_Source\PSoC4/UART_DEB.c **** * File Name: UART_DEB.c
   3:.\Generated_Source\PSoC4/UART_DEB.c **** * Version 3.10
   4:.\Generated_Source\PSoC4/UART_DEB.c **** *
   5:.\Generated_Source\PSoC4/UART_DEB.c **** * Description:
   6:.\Generated_Source\PSoC4/UART_DEB.c **** *  This file provides the source code to the API for the SCB Component.
   7:.\Generated_Source\PSoC4/UART_DEB.c **** *
   8:.\Generated_Source\PSoC4/UART_DEB.c **** * Note:
   9:.\Generated_Source\PSoC4/UART_DEB.c **** *
  10:.\Generated_Source\PSoC4/UART_DEB.c **** *******************************************************************************
  11:.\Generated_Source\PSoC4/UART_DEB.c **** * Copyright 2013-2015, Cypress Semiconductor Corporation.  All rights reserved.
  12:.\Generated_Source\PSoC4/UART_DEB.c **** * You may use this file only in accordance with the license, terms, conditions,
  13:.\Generated_Source\PSoC4/UART_DEB.c **** * disclaimers, and limitations in the end user license agreement accompanying
  14:.\Generated_Source\PSoC4/UART_DEB.c **** * the software package with which this file was provided.
  15:.\Generated_Source\PSoC4/UART_DEB.c **** *******************************************************************************/
  16:.\Generated_Source\PSoC4/UART_DEB.c **** 
  17:.\Generated_Source\PSoC4/UART_DEB.c **** #include "UART_DEB_PVT.h"
  18:.\Generated_Source\PSoC4/UART_DEB.c **** 
  19:.\Generated_Source\PSoC4/UART_DEB.c **** #if (UART_DEB_SCB_MODE_I2C_INC)
  20:.\Generated_Source\PSoC4/UART_DEB.c ****     #include "UART_DEB_I2C_PVT.h"
  21:.\Generated_Source\PSoC4/UART_DEB.c **** #endif /* (UART_DEB_SCB_MODE_I2C_INC) */
  22:.\Generated_Source\PSoC4/UART_DEB.c **** 
  23:.\Generated_Source\PSoC4/UART_DEB.c **** #if (UART_DEB_SCB_MODE_EZI2C_INC)
  24:.\Generated_Source\PSoC4/UART_DEB.c ****     #include "UART_DEB_EZI2C_PVT.h"
  25:.\Generated_Source\PSoC4/UART_DEB.c **** #endif /* (UART_DEB_SCB_MODE_EZI2C_INC) */
  26:.\Generated_Source\PSoC4/UART_DEB.c **** 
ARM GAS  C:\Users\mohammed\AppData\Local\Temp\ccCCeZbd.s 			page 2


  27:.\Generated_Source\PSoC4/UART_DEB.c **** #if (UART_DEB_SCB_MODE_SPI_INC || UART_DEB_SCB_MODE_UART_INC)
  28:.\Generated_Source\PSoC4/UART_DEB.c ****     #include "UART_DEB_SPI_UART_PVT.h"
  29:.\Generated_Source\PSoC4/UART_DEB.c **** #endif /* (UART_DEB_SCB_MODE_SPI_INC || UART_DEB_SCB_MODE_UART_INC) */
  30:.\Generated_Source\PSoC4/UART_DEB.c **** 
  31:.\Generated_Source\PSoC4/UART_DEB.c **** 
  32:.\Generated_Source\PSoC4/UART_DEB.c **** /***************************************
  33:.\Generated_Source\PSoC4/UART_DEB.c **** *    Run Time Configuration Vars
  34:.\Generated_Source\PSoC4/UART_DEB.c **** ***************************************/
  35:.\Generated_Source\PSoC4/UART_DEB.c **** 
  36:.\Generated_Source\PSoC4/UART_DEB.c **** /* Stores internal component configuration for Unconfigured mode */
  37:.\Generated_Source\PSoC4/UART_DEB.c **** #if (UART_DEB_SCB_MODE_UNCONFIG_CONST_CFG)
  38:.\Generated_Source\PSoC4/UART_DEB.c ****     /* Common configuration variables */
  39:.\Generated_Source\PSoC4/UART_DEB.c ****     uint8 UART_DEB_scbMode = UART_DEB_SCB_MODE_UNCONFIG;
  40:.\Generated_Source\PSoC4/UART_DEB.c ****     uint8 UART_DEB_scbEnableWake;
  41:.\Generated_Source\PSoC4/UART_DEB.c ****     uint8 UART_DEB_scbEnableIntr;
  42:.\Generated_Source\PSoC4/UART_DEB.c **** 
  43:.\Generated_Source\PSoC4/UART_DEB.c ****     /* I2C configuration variables */
  44:.\Generated_Source\PSoC4/UART_DEB.c ****     uint8 UART_DEB_mode;
  45:.\Generated_Source\PSoC4/UART_DEB.c ****     uint8 UART_DEB_acceptAddr;
  46:.\Generated_Source\PSoC4/UART_DEB.c **** 
  47:.\Generated_Source\PSoC4/UART_DEB.c ****     /* SPI/UART configuration variables */
  48:.\Generated_Source\PSoC4/UART_DEB.c ****     volatile uint8 * UART_DEB_rxBuffer;
  49:.\Generated_Source\PSoC4/UART_DEB.c ****     uint8  UART_DEB_rxDataBits;
  50:.\Generated_Source\PSoC4/UART_DEB.c ****     uint32 UART_DEB_rxBufferSize;
  51:.\Generated_Source\PSoC4/UART_DEB.c **** 
  52:.\Generated_Source\PSoC4/UART_DEB.c ****     volatile uint8 * UART_DEB_txBuffer;
  53:.\Generated_Source\PSoC4/UART_DEB.c ****     uint8  UART_DEB_txDataBits;
  54:.\Generated_Source\PSoC4/UART_DEB.c ****     uint32 UART_DEB_txBufferSize;
  55:.\Generated_Source\PSoC4/UART_DEB.c **** 
  56:.\Generated_Source\PSoC4/UART_DEB.c ****     /* EZI2C configuration variables */
  57:.\Generated_Source\PSoC4/UART_DEB.c ****     uint8 UART_DEB_numberOfAddr;
  58:.\Generated_Source\PSoC4/UART_DEB.c ****     uint8 UART_DEB_subAddrSize;
  59:.\Generated_Source\PSoC4/UART_DEB.c **** #endif /* (UART_DEB_SCB_MODE_UNCONFIG_CONST_CFG) */
  60:.\Generated_Source\PSoC4/UART_DEB.c **** 
  61:.\Generated_Source\PSoC4/UART_DEB.c **** 
  62:.\Generated_Source\PSoC4/UART_DEB.c **** /***************************************
  63:.\Generated_Source\PSoC4/UART_DEB.c **** *     Common SCB Vars
  64:.\Generated_Source\PSoC4/UART_DEB.c **** ***************************************/
  65:.\Generated_Source\PSoC4/UART_DEB.c **** 
  66:.\Generated_Source\PSoC4/UART_DEB.c **** uint8 UART_DEB_initVar = 0u;
  67:.\Generated_Source\PSoC4/UART_DEB.c **** 
  68:.\Generated_Source\PSoC4/UART_DEB.c **** #if (UART_DEB_SCB_IRQ_INTERNAL)
  69:.\Generated_Source\PSoC4/UART_DEB.c **** #if !defined (CY_REMOVE_UART_DEB_CUSTOM_INTR_HANDLER)
  70:.\Generated_Source\PSoC4/UART_DEB.c ****     void (*UART_DEB_customIntrHandler)(void) = NULL;
  71:.\Generated_Source\PSoC4/UART_DEB.c **** #endif /* !defined (CY_REMOVE_UART_DEB_CUSTOM_INTR_HANDLER) */
  72:.\Generated_Source\PSoC4/UART_DEB.c **** #endif /* (UART_DEB_SCB_IRQ_INTERNAL) */
  73:.\Generated_Source\PSoC4/UART_DEB.c **** 
  74:.\Generated_Source\PSoC4/UART_DEB.c **** 
  75:.\Generated_Source\PSoC4/UART_DEB.c **** /***************************************
  76:.\Generated_Source\PSoC4/UART_DEB.c **** *    Private Function Prototypes
  77:.\Generated_Source\PSoC4/UART_DEB.c **** ***************************************/
  78:.\Generated_Source\PSoC4/UART_DEB.c **** 
  79:.\Generated_Source\PSoC4/UART_DEB.c **** static void UART_DEB_ScbEnableIntr(void);
  80:.\Generated_Source\PSoC4/UART_DEB.c **** static void UART_DEB_ScbModeStop(void);
  81:.\Generated_Source\PSoC4/UART_DEB.c **** static void UART_DEB_ScbModePostEnable(void);
  82:.\Generated_Source\PSoC4/UART_DEB.c **** 
  83:.\Generated_Source\PSoC4/UART_DEB.c **** 
ARM GAS  C:\Users\mohammed\AppData\Local\Temp\ccCCeZbd.s 			page 3


  84:.\Generated_Source\PSoC4/UART_DEB.c **** /*******************************************************************************
  85:.\Generated_Source\PSoC4/UART_DEB.c **** * Function Name: UART_DEB_Init
  86:.\Generated_Source\PSoC4/UART_DEB.c **** ********************************************************************************
  87:.\Generated_Source\PSoC4/UART_DEB.c **** *
  88:.\Generated_Source\PSoC4/UART_DEB.c **** * Summary:
  89:.\Generated_Source\PSoC4/UART_DEB.c **** *  Initializes the SCB component to operate in one of the selected
  90:.\Generated_Source\PSoC4/UART_DEB.c **** *  configurations: I2C, SPI, UART or EZI2C.
  91:.\Generated_Source\PSoC4/UART_DEB.c **** *  When the configuration is set to "Unconfigured SCB", this function does
  92:.\Generated_Source\PSoC4/UART_DEB.c **** *  not do any initialization. Use mode-specific initialization APIs instead:
  93:.\Generated_Source\PSoC4/UART_DEB.c **** *  SCB_I2CInit, SCB_SpiInit, SCB_UartInit or SCB_EzI2CInit.
  94:.\Generated_Source\PSoC4/UART_DEB.c **** *
  95:.\Generated_Source\PSoC4/UART_DEB.c **** * Parameters:
  96:.\Generated_Source\PSoC4/UART_DEB.c **** *  None
  97:.\Generated_Source\PSoC4/UART_DEB.c **** *
  98:.\Generated_Source\PSoC4/UART_DEB.c **** * Return:
  99:.\Generated_Source\PSoC4/UART_DEB.c **** *  None
 100:.\Generated_Source\PSoC4/UART_DEB.c **** *
 101:.\Generated_Source\PSoC4/UART_DEB.c **** *******************************************************************************/
 102:.\Generated_Source\PSoC4/UART_DEB.c **** void UART_DEB_Init(void)
 103:.\Generated_Source\PSoC4/UART_DEB.c **** {
  32              		.loc 1 103 0
  33              		.cfi_startproc
  34 0000 80B5     		push	{r7, lr}
  35              		.cfi_def_cfa_offset 8
  36              		.cfi_offset 7, -8
  37              		.cfi_offset 14, -4
  38 0002 00AF     		add	r7, sp, #0
  39              		.cfi_def_cfa_register 7
 104:.\Generated_Source\PSoC4/UART_DEB.c **** #if (UART_DEB_SCB_MODE_UNCONFIG_CONST_CFG)
 105:.\Generated_Source\PSoC4/UART_DEB.c ****     if (UART_DEB_SCB_MODE_UNCONFIG_RUNTM_CFG)
 106:.\Generated_Source\PSoC4/UART_DEB.c ****     {
 107:.\Generated_Source\PSoC4/UART_DEB.c ****         UART_DEB_initVar = 0u;
 108:.\Generated_Source\PSoC4/UART_DEB.c ****     }
 109:.\Generated_Source\PSoC4/UART_DEB.c ****     else
 110:.\Generated_Source\PSoC4/UART_DEB.c ****     {
 111:.\Generated_Source\PSoC4/UART_DEB.c ****         /* Initialization was done before this function call */
 112:.\Generated_Source\PSoC4/UART_DEB.c ****     }
 113:.\Generated_Source\PSoC4/UART_DEB.c **** 
 114:.\Generated_Source\PSoC4/UART_DEB.c **** #elif (UART_DEB_SCB_MODE_I2C_CONST_CFG)
 115:.\Generated_Source\PSoC4/UART_DEB.c ****     UART_DEB_I2CInit();
 116:.\Generated_Source\PSoC4/UART_DEB.c **** 
 117:.\Generated_Source\PSoC4/UART_DEB.c **** #elif (UART_DEB_SCB_MODE_SPI_CONST_CFG)
 118:.\Generated_Source\PSoC4/UART_DEB.c ****     UART_DEB_SpiInit();
 119:.\Generated_Source\PSoC4/UART_DEB.c **** 
 120:.\Generated_Source\PSoC4/UART_DEB.c **** #elif (UART_DEB_SCB_MODE_UART_CONST_CFG)
 121:.\Generated_Source\PSoC4/UART_DEB.c ****     UART_DEB_UartInit();
  40              		.loc 1 121 0
  41 0004 FFF7FEFF 		bl	UART_DEB_UartInit
 122:.\Generated_Source\PSoC4/UART_DEB.c **** 
 123:.\Generated_Source\PSoC4/UART_DEB.c **** #elif (UART_DEB_SCB_MODE_EZI2C_CONST_CFG)
 124:.\Generated_Source\PSoC4/UART_DEB.c ****     UART_DEB_EzI2CInit();
 125:.\Generated_Source\PSoC4/UART_DEB.c **** 
 126:.\Generated_Source\PSoC4/UART_DEB.c **** #endif /* (UART_DEB_SCB_MODE_UNCONFIG_CONST_CFG) */
 127:.\Generated_Source\PSoC4/UART_DEB.c **** }
  42              		.loc 1 127 0
  43 0008 BD46     		mov	sp, r7
  44              		@ sp needed
ARM GAS  C:\Users\mohammed\AppData\Local\Temp\ccCCeZbd.s 			page 4


  45 000a 80BD     		pop	{r7, pc}
  46              		.cfi_endproc
  47              	.LFE2:
  48              		.size	UART_DEB_Init, .-UART_DEB_Init
  49              		.section	.text.UART_DEB_Enable,"ax",%progbits
  50              		.align	2
  51              		.global	UART_DEB_Enable
  52              		.code	16
  53              		.thumb_func
  54              		.type	UART_DEB_Enable, %function
  55              	UART_DEB_Enable:
  56              	.LFB3:
 128:.\Generated_Source\PSoC4/UART_DEB.c **** 
 129:.\Generated_Source\PSoC4/UART_DEB.c **** 
 130:.\Generated_Source\PSoC4/UART_DEB.c **** /*******************************************************************************
 131:.\Generated_Source\PSoC4/UART_DEB.c **** * Function Name: UART_DEB_Enable
 132:.\Generated_Source\PSoC4/UART_DEB.c **** ********************************************************************************
 133:.\Generated_Source\PSoC4/UART_DEB.c **** *
 134:.\Generated_Source\PSoC4/UART_DEB.c **** * Summary:
 135:.\Generated_Source\PSoC4/UART_DEB.c **** *  Enables the SCB component operation.
 136:.\Generated_Source\PSoC4/UART_DEB.c **** *  The SCB configuration should be not changed when the component is enabled.
 137:.\Generated_Source\PSoC4/UART_DEB.c **** *  Any configuration changes should be made after disabling the component.
 138:.\Generated_Source\PSoC4/UART_DEB.c **** *
 139:.\Generated_Source\PSoC4/UART_DEB.c **** * Parameters:
 140:.\Generated_Source\PSoC4/UART_DEB.c **** *  None
 141:.\Generated_Source\PSoC4/UART_DEB.c **** *
 142:.\Generated_Source\PSoC4/UART_DEB.c **** * Return:
 143:.\Generated_Source\PSoC4/UART_DEB.c **** *  None
 144:.\Generated_Source\PSoC4/UART_DEB.c **** *
 145:.\Generated_Source\PSoC4/UART_DEB.c **** *******************************************************************************/
 146:.\Generated_Source\PSoC4/UART_DEB.c **** void UART_DEB_Enable(void)
 147:.\Generated_Source\PSoC4/UART_DEB.c **** {
  57              		.loc 1 147 0
  58              		.cfi_startproc
  59 0000 80B5     		push	{r7, lr}
  60              		.cfi_def_cfa_offset 8
  61              		.cfi_offset 7, -8
  62              		.cfi_offset 14, -4
  63 0002 00AF     		add	r7, sp, #0
  64              		.cfi_def_cfa_register 7
 148:.\Generated_Source\PSoC4/UART_DEB.c **** #if (UART_DEB_SCB_MODE_UNCONFIG_CONST_CFG)
 149:.\Generated_Source\PSoC4/UART_DEB.c ****     /* Enable SCB block, only if it is already configured */
 150:.\Generated_Source\PSoC4/UART_DEB.c ****     if (!UART_DEB_SCB_MODE_UNCONFIG_RUNTM_CFG)
 151:.\Generated_Source\PSoC4/UART_DEB.c ****     {
 152:.\Generated_Source\PSoC4/UART_DEB.c ****         UART_DEB_CTRL_REG |= UART_DEB_CTRL_ENABLED;
 153:.\Generated_Source\PSoC4/UART_DEB.c **** 
 154:.\Generated_Source\PSoC4/UART_DEB.c ****         UART_DEB_ScbEnableIntr();
 155:.\Generated_Source\PSoC4/UART_DEB.c **** 
 156:.\Generated_Source\PSoC4/UART_DEB.c ****         /* Call PostEnable function specific to current operation mode */
 157:.\Generated_Source\PSoC4/UART_DEB.c ****         UART_DEB_ScbModePostEnable();
 158:.\Generated_Source\PSoC4/UART_DEB.c ****     }
 159:.\Generated_Source\PSoC4/UART_DEB.c **** #else
 160:.\Generated_Source\PSoC4/UART_DEB.c ****     UART_DEB_CTRL_REG |= UART_DEB_CTRL_ENABLED;
  65              		.loc 1 160 0
  66 0004 064B     		ldr	r3, .L3
  67 0006 064A     		ldr	r2, .L3
  68 0008 1268     		ldr	r2, [r2]
ARM GAS  C:\Users\mohammed\AppData\Local\Temp\ccCCeZbd.s 			page 5


  69 000a 8021     		mov	r1, #128
  70 000c 0906     		lsl	r1, r1, #24
  71 000e 0A43     		orr	r2, r1
  72 0010 1A60     		str	r2, [r3]
 161:.\Generated_Source\PSoC4/UART_DEB.c **** 
 162:.\Generated_Source\PSoC4/UART_DEB.c ****     UART_DEB_ScbEnableIntr();
  73              		.loc 1 162 0
  74 0012 FFF7FEFF 		bl	UART_DEB_ScbEnableIntr
 163:.\Generated_Source\PSoC4/UART_DEB.c **** 
 164:.\Generated_Source\PSoC4/UART_DEB.c ****     /* Call PostEnable function specific to current operation mode */
 165:.\Generated_Source\PSoC4/UART_DEB.c ****     UART_DEB_ScbModePostEnable();
  75              		.loc 1 165 0
  76 0016 FFF7FEFF 		bl	UART_DEB_ScbModePostEnable
 166:.\Generated_Source\PSoC4/UART_DEB.c **** #endif /* (UART_DEB_SCB_MODE_UNCONFIG_CONST_CFG) */
 167:.\Generated_Source\PSoC4/UART_DEB.c **** }
  77              		.loc 1 167 0
  78 001a BD46     		mov	sp, r7
  79              		@ sp needed
  80 001c 80BD     		pop	{r7, pc}
  81              	.L4:
  82 001e C046     		.align	2
  83              	.L3:
  84 0020 00002440 		.word	1076101120
  85              		.cfi_endproc
  86              	.LFE3:
  87              		.size	UART_DEB_Enable, .-UART_DEB_Enable
  88              		.section	.text.UART_DEB_Start,"ax",%progbits
  89              		.align	2
  90              		.global	UART_DEB_Start
  91              		.code	16
  92              		.thumb_func
  93              		.type	UART_DEB_Start, %function
  94              	UART_DEB_Start:
  95              	.LFB4:
 168:.\Generated_Source\PSoC4/UART_DEB.c **** 
 169:.\Generated_Source\PSoC4/UART_DEB.c **** 
 170:.\Generated_Source\PSoC4/UART_DEB.c **** /*******************************************************************************
 171:.\Generated_Source\PSoC4/UART_DEB.c **** * Function Name: UART_DEB_Start
 172:.\Generated_Source\PSoC4/UART_DEB.c **** ********************************************************************************
 173:.\Generated_Source\PSoC4/UART_DEB.c **** *
 174:.\Generated_Source\PSoC4/UART_DEB.c **** * Summary:
 175:.\Generated_Source\PSoC4/UART_DEB.c **** *  Invokes SCB_Init() and SCB_Enable().
 176:.\Generated_Source\PSoC4/UART_DEB.c **** *  After this function call, the component is enabled and ready for operation.
 177:.\Generated_Source\PSoC4/UART_DEB.c **** *  When configuration is set to "Unconfigured SCB", the component must first be
 178:.\Generated_Source\PSoC4/UART_DEB.c **** *  initialized to operate in one of the following configurations: I2C, SPI, UART
 179:.\Generated_Source\PSoC4/UART_DEB.c **** *  or EZ I2C. Otherwise this function does not enable the component.
 180:.\Generated_Source\PSoC4/UART_DEB.c **** *
 181:.\Generated_Source\PSoC4/UART_DEB.c **** * Parameters:
 182:.\Generated_Source\PSoC4/UART_DEB.c **** *  None
 183:.\Generated_Source\PSoC4/UART_DEB.c **** *
 184:.\Generated_Source\PSoC4/UART_DEB.c **** * Return:
 185:.\Generated_Source\PSoC4/UART_DEB.c **** *  None
 186:.\Generated_Source\PSoC4/UART_DEB.c **** *
 187:.\Generated_Source\PSoC4/UART_DEB.c **** * Global variables:
 188:.\Generated_Source\PSoC4/UART_DEB.c **** *  UART_DEB_initVar - used to check initial configuration, modified
 189:.\Generated_Source\PSoC4/UART_DEB.c **** *  on first function call.
 190:.\Generated_Source\PSoC4/UART_DEB.c **** *
ARM GAS  C:\Users\mohammed\AppData\Local\Temp\ccCCeZbd.s 			page 6


 191:.\Generated_Source\PSoC4/UART_DEB.c **** *******************************************************************************/
 192:.\Generated_Source\PSoC4/UART_DEB.c **** void UART_DEB_Start(void)
 193:.\Generated_Source\PSoC4/UART_DEB.c **** {
  96              		.loc 1 193 0
  97              		.cfi_startproc
  98 0000 80B5     		push	{r7, lr}
  99              		.cfi_def_cfa_offset 8
 100              		.cfi_offset 7, -8
 101              		.cfi_offset 14, -4
 102 0002 00AF     		add	r7, sp, #0
 103              		.cfi_def_cfa_register 7
 194:.\Generated_Source\PSoC4/UART_DEB.c ****     if (0u == UART_DEB_initVar)
 104              		.loc 1 194 0
 105 0004 064B     		ldr	r3, .L7
 106 0006 1B78     		ldrb	r3, [r3]
 107 0008 002B     		cmp	r3, #0
 108 000a 04D1     		bne	.L6
 195:.\Generated_Source\PSoC4/UART_DEB.c ****     {
 196:.\Generated_Source\PSoC4/UART_DEB.c ****         UART_DEB_Init();
 109              		.loc 1 196 0
 110 000c FFF7FEFF 		bl	UART_DEB_Init
 197:.\Generated_Source\PSoC4/UART_DEB.c ****         UART_DEB_initVar = 1u; /* Component was initialized */
 111              		.loc 1 197 0
 112 0010 034B     		ldr	r3, .L7
 113 0012 0122     		mov	r2, #1
 114 0014 1A70     		strb	r2, [r3]
 115              	.L6:
 198:.\Generated_Source\PSoC4/UART_DEB.c ****     }
 199:.\Generated_Source\PSoC4/UART_DEB.c **** 
 200:.\Generated_Source\PSoC4/UART_DEB.c ****     UART_DEB_Enable();
 116              		.loc 1 200 0
 117 0016 FFF7FEFF 		bl	UART_DEB_Enable
 201:.\Generated_Source\PSoC4/UART_DEB.c **** }
 118              		.loc 1 201 0
 119 001a BD46     		mov	sp, r7
 120              		@ sp needed
 121 001c 80BD     		pop	{r7, pc}
 122              	.L8:
 123 001e C046     		.align	2
 124              	.L7:
 125 0020 00000000 		.word	UART_DEB_initVar
 126              		.cfi_endproc
 127              	.LFE4:
 128              		.size	UART_DEB_Start, .-UART_DEB_Start
 129              		.section	.text.UART_DEB_Stop,"ax",%progbits
 130              		.align	2
 131              		.global	UART_DEB_Stop
 132              		.code	16
 133              		.thumb_func
 134              		.type	UART_DEB_Stop, %function
 135              	UART_DEB_Stop:
 136              	.LFB5:
 202:.\Generated_Source\PSoC4/UART_DEB.c **** 
 203:.\Generated_Source\PSoC4/UART_DEB.c **** 
 204:.\Generated_Source\PSoC4/UART_DEB.c **** /*******************************************************************************
 205:.\Generated_Source\PSoC4/UART_DEB.c **** * Function Name: UART_DEB_Stop
 206:.\Generated_Source\PSoC4/UART_DEB.c **** ********************************************************************************
ARM GAS  C:\Users\mohammed\AppData\Local\Temp\ccCCeZbd.s 			page 7


 207:.\Generated_Source\PSoC4/UART_DEB.c **** *
 208:.\Generated_Source\PSoC4/UART_DEB.c **** * Summary:
 209:.\Generated_Source\PSoC4/UART_DEB.c **** *  Disables the SCB component and its interrupt.
 210:.\Generated_Source\PSoC4/UART_DEB.c **** *  It also disables all TX interrupt sources so as not to cause an unexpected
 211:.\Generated_Source\PSoC4/UART_DEB.c **** *  interrupt trigger because after the component is enabled, the TX FIFO 
 212:.\Generated_Source\PSoC4/UART_DEB.c **** *  is empty.
 213:.\Generated_Source\PSoC4/UART_DEB.c **** *
 214:.\Generated_Source\PSoC4/UART_DEB.c **** * Parameters:
 215:.\Generated_Source\PSoC4/UART_DEB.c **** *  None
 216:.\Generated_Source\PSoC4/UART_DEB.c **** *
 217:.\Generated_Source\PSoC4/UART_DEB.c **** * Return:
 218:.\Generated_Source\PSoC4/UART_DEB.c **** *  None
 219:.\Generated_Source\PSoC4/UART_DEB.c **** * 
 220:.\Generated_Source\PSoC4/UART_DEB.c **** *******************************************************************************/
 221:.\Generated_Source\PSoC4/UART_DEB.c **** void UART_DEB_Stop(void)
 222:.\Generated_Source\PSoC4/UART_DEB.c **** {
 137              		.loc 1 222 0
 138              		.cfi_startproc
 139 0000 80B5     		push	{r7, lr}
 140              		.cfi_def_cfa_offset 8
 141              		.cfi_offset 7, -8
 142              		.cfi_offset 14, -4
 143 0002 00AF     		add	r7, sp, #0
 144              		.cfi_def_cfa_register 7
 223:.\Generated_Source\PSoC4/UART_DEB.c **** #if (UART_DEB_SCB_IRQ_INTERNAL)
 224:.\Generated_Source\PSoC4/UART_DEB.c ****     UART_DEB_DisableInt();
 225:.\Generated_Source\PSoC4/UART_DEB.c **** #endif /* (UART_DEB_SCB_IRQ_INTERNAL) */
 226:.\Generated_Source\PSoC4/UART_DEB.c **** 
 227:.\Generated_Source\PSoC4/UART_DEB.c ****     /* Call Stop function specific to current operation mode */
 228:.\Generated_Source\PSoC4/UART_DEB.c ****     UART_DEB_ScbModeStop();
 145              		.loc 1 228 0
 146 0004 FFF7FEFF 		bl	UART_DEB_ScbModeStop
 229:.\Generated_Source\PSoC4/UART_DEB.c **** 
 230:.\Generated_Source\PSoC4/UART_DEB.c ****     /* Disable SCB IP */
 231:.\Generated_Source\PSoC4/UART_DEB.c ****     UART_DEB_CTRL_REG &= (uint32) ~UART_DEB_CTRL_ENABLED;
 147              		.loc 1 231 0
 148 0008 054B     		ldr	r3, .L10
 149 000a 054A     		ldr	r2, .L10
 150 000c 1268     		ldr	r2, [r2]
 151 000e 5200     		lsl	r2, r2, #1
 152 0010 5208     		lsr	r2, r2, #1
 153 0012 1A60     		str	r2, [r3]
 232:.\Generated_Source\PSoC4/UART_DEB.c **** 
 233:.\Generated_Source\PSoC4/UART_DEB.c ****     /* Disable all TX interrupt sources so as not to cause an unexpected
 234:.\Generated_Source\PSoC4/UART_DEB.c ****     * interrupt trigger because after the component is enabled, the TX FIFO
 235:.\Generated_Source\PSoC4/UART_DEB.c ****     * is empty.
 236:.\Generated_Source\PSoC4/UART_DEB.c ****     * For SCB IP v0, it is critical as it does not mask-out interrupt
 237:.\Generated_Source\PSoC4/UART_DEB.c ****     * sources when they are disabled. This can cause a code lock-up in the
 238:.\Generated_Source\PSoC4/UART_DEB.c ****     * interrupt handler because TX FIFO cannot be loaded after the block
 239:.\Generated_Source\PSoC4/UART_DEB.c ****     * is disabled.
 240:.\Generated_Source\PSoC4/UART_DEB.c ****     */
 241:.\Generated_Source\PSoC4/UART_DEB.c ****     UART_DEB_SetTxInterruptMode(UART_DEB_NO_INTR_SOURCES);
 154              		.loc 1 241 0
 155 0014 034B     		ldr	r3, .L10+4
 156 0016 0022     		mov	r2, #0
 157 0018 1A60     		str	r2, [r3]
 242:.\Generated_Source\PSoC4/UART_DEB.c **** 
ARM GAS  C:\Users\mohammed\AppData\Local\Temp\ccCCeZbd.s 			page 8


 243:.\Generated_Source\PSoC4/UART_DEB.c **** #if (UART_DEB_SCB_IRQ_INTERNAL)
 244:.\Generated_Source\PSoC4/UART_DEB.c ****     UART_DEB_ClearPendingInt();
 245:.\Generated_Source\PSoC4/UART_DEB.c **** #endif /* (UART_DEB_SCB_IRQ_INTERNAL) */
 246:.\Generated_Source\PSoC4/UART_DEB.c **** }
 158              		.loc 1 246 0
 159 001a BD46     		mov	sp, r7
 160              		@ sp needed
 161 001c 80BD     		pop	{r7, pc}
 162              	.L11:
 163 001e C046     		.align	2
 164              	.L10:
 165 0020 00002440 		.word	1076101120
 166 0024 880F2440 		.word	1076105096
 167              		.cfi_endproc
 168              	.LFE5:
 169              		.size	UART_DEB_Stop, .-UART_DEB_Stop
 170              		.section	.text.UART_DEB_SetRxFifoLevel,"ax",%progbits
 171              		.align	2
 172              		.global	UART_DEB_SetRxFifoLevel
 173              		.code	16
 174              		.thumb_func
 175              		.type	UART_DEB_SetRxFifoLevel, %function
 176              	UART_DEB_SetRxFifoLevel:
 177              	.LFB6:
 247:.\Generated_Source\PSoC4/UART_DEB.c **** 
 248:.\Generated_Source\PSoC4/UART_DEB.c **** 
 249:.\Generated_Source\PSoC4/UART_DEB.c **** /*******************************************************************************
 250:.\Generated_Source\PSoC4/UART_DEB.c **** * Function Name: UART_DEB_SetRxFifoLevel
 251:.\Generated_Source\PSoC4/UART_DEB.c **** ********************************************************************************
 252:.\Generated_Source\PSoC4/UART_DEB.c **** *
 253:.\Generated_Source\PSoC4/UART_DEB.c **** * Summary:
 254:.\Generated_Source\PSoC4/UART_DEB.c **** *  Sets level in the RX FIFO to generate a RX level interrupt.
 255:.\Generated_Source\PSoC4/UART_DEB.c **** *  When the RX FIFO has more entries than the RX FIFO level an RX level
 256:.\Generated_Source\PSoC4/UART_DEB.c **** *  interrupt request is generated.
 257:.\Generated_Source\PSoC4/UART_DEB.c **** *
 258:.\Generated_Source\PSoC4/UART_DEB.c **** * Parameters:
 259:.\Generated_Source\PSoC4/UART_DEB.c **** *  level: Level in the RX FIFO to generate RX level interrupt.
 260:.\Generated_Source\PSoC4/UART_DEB.c **** *         The range of valid level values is between 0 and RX FIFO depth - 1.
 261:.\Generated_Source\PSoC4/UART_DEB.c **** *
 262:.\Generated_Source\PSoC4/UART_DEB.c **** * Return:
 263:.\Generated_Source\PSoC4/UART_DEB.c **** *  None
 264:.\Generated_Source\PSoC4/UART_DEB.c **** *
 265:.\Generated_Source\PSoC4/UART_DEB.c **** *******************************************************************************/
 266:.\Generated_Source\PSoC4/UART_DEB.c **** void UART_DEB_SetRxFifoLevel(uint32 level)
 267:.\Generated_Source\PSoC4/UART_DEB.c **** {
 178              		.loc 1 267 0
 179              		.cfi_startproc
 180 0000 80B5     		push	{r7, lr}
 181              		.cfi_def_cfa_offset 8
 182              		.cfi_offset 7, -8
 183              		.cfi_offset 14, -4
 184 0002 84B0     		sub	sp, sp, #16
 185              		.cfi_def_cfa_offset 24
 186 0004 00AF     		add	r7, sp, #0
 187              		.cfi_def_cfa_register 7
 188 0006 7860     		str	r0, [r7, #4]
 268:.\Generated_Source\PSoC4/UART_DEB.c ****     uint32 rxFifoCtrl;
ARM GAS  C:\Users\mohammed\AppData\Local\Temp\ccCCeZbd.s 			page 9


 269:.\Generated_Source\PSoC4/UART_DEB.c **** 
 270:.\Generated_Source\PSoC4/UART_DEB.c ****     rxFifoCtrl = UART_DEB_RX_FIFO_CTRL_REG;
 189              		.loc 1 270 0
 190 0008 094B     		ldr	r3, .L13
 191 000a 1B68     		ldr	r3, [r3]
 192 000c FB60     		str	r3, [r7, #12]
 271:.\Generated_Source\PSoC4/UART_DEB.c **** 
 272:.\Generated_Source\PSoC4/UART_DEB.c ****     rxFifoCtrl &= ((uint32) ~UART_DEB_RX_FIFO_CTRL_TRIGGER_LEVEL_MASK); /* Clear level mask bits */
 193              		.loc 1 272 0
 194 000e FB68     		ldr	r3, [r7, #12]
 195 0010 0F22     		mov	r2, #15
 196 0012 9343     		bic	r3, r2
 197 0014 FB60     		str	r3, [r7, #12]
 273:.\Generated_Source\PSoC4/UART_DEB.c ****     rxFifoCtrl |= ((uint32) (UART_DEB_RX_FIFO_CTRL_TRIGGER_LEVEL_MASK & level));
 198              		.loc 1 273 0
 199 0016 7B68     		ldr	r3, [r7, #4]
 200 0018 0F22     		mov	r2, #15
 201 001a 1340     		and	r3, r2
 202 001c FA68     		ldr	r2, [r7, #12]
 203 001e 1343     		orr	r3, r2
 204 0020 FB60     		str	r3, [r7, #12]
 274:.\Generated_Source\PSoC4/UART_DEB.c **** 
 275:.\Generated_Source\PSoC4/UART_DEB.c ****     UART_DEB_RX_FIFO_CTRL_REG = rxFifoCtrl;
 205              		.loc 1 275 0
 206 0022 034B     		ldr	r3, .L13
 207 0024 FA68     		ldr	r2, [r7, #12]
 208 0026 1A60     		str	r2, [r3]
 276:.\Generated_Source\PSoC4/UART_DEB.c **** }
 209              		.loc 1 276 0
 210 0028 BD46     		mov	sp, r7
 211 002a 04B0     		add	sp, sp, #16
 212              		@ sp needed
 213 002c 80BD     		pop	{r7, pc}
 214              	.L14:
 215 002e C046     		.align	2
 216              	.L13:
 217 0030 04032440 		.word	1076101892
 218              		.cfi_endproc
 219              	.LFE6:
 220              		.size	UART_DEB_SetRxFifoLevel, .-UART_DEB_SetRxFifoLevel
 221              		.section	.text.UART_DEB_SetTxFifoLevel,"ax",%progbits
 222              		.align	2
 223              		.global	UART_DEB_SetTxFifoLevel
 224              		.code	16
 225              		.thumb_func
 226              		.type	UART_DEB_SetTxFifoLevel, %function
 227              	UART_DEB_SetTxFifoLevel:
 228              	.LFB7:
 277:.\Generated_Source\PSoC4/UART_DEB.c **** 
 278:.\Generated_Source\PSoC4/UART_DEB.c **** 
 279:.\Generated_Source\PSoC4/UART_DEB.c **** /*******************************************************************************
 280:.\Generated_Source\PSoC4/UART_DEB.c **** * Function Name: UART_DEB_SetTxFifoLevel
 281:.\Generated_Source\PSoC4/UART_DEB.c **** ********************************************************************************
 282:.\Generated_Source\PSoC4/UART_DEB.c **** *
 283:.\Generated_Source\PSoC4/UART_DEB.c **** * Summary:
 284:.\Generated_Source\PSoC4/UART_DEB.c **** *  Sets level in the TX FIFO to generate a TX level interrupt.
 285:.\Generated_Source\PSoC4/UART_DEB.c **** *  When the TX FIFO has more entries than the TX FIFO level an TX level
ARM GAS  C:\Users\mohammed\AppData\Local\Temp\ccCCeZbd.s 			page 10


 286:.\Generated_Source\PSoC4/UART_DEB.c **** *  interrupt request is generated.
 287:.\Generated_Source\PSoC4/UART_DEB.c **** *
 288:.\Generated_Source\PSoC4/UART_DEB.c **** * Parameters:
 289:.\Generated_Source\PSoC4/UART_DEB.c **** *  level: Level in the TX FIFO to generate TX level interrupt.
 290:.\Generated_Source\PSoC4/UART_DEB.c **** *         The range of valid level values is between 0 and TX FIFO depth - 1.
 291:.\Generated_Source\PSoC4/UART_DEB.c **** *
 292:.\Generated_Source\PSoC4/UART_DEB.c **** * Return:
 293:.\Generated_Source\PSoC4/UART_DEB.c **** *  None
 294:.\Generated_Source\PSoC4/UART_DEB.c **** *
 295:.\Generated_Source\PSoC4/UART_DEB.c **** *******************************************************************************/
 296:.\Generated_Source\PSoC4/UART_DEB.c **** void UART_DEB_SetTxFifoLevel(uint32 level)
 297:.\Generated_Source\PSoC4/UART_DEB.c **** {
 229              		.loc 1 297 0
 230              		.cfi_startproc
 231 0000 80B5     		push	{r7, lr}
 232              		.cfi_def_cfa_offset 8
 233              		.cfi_offset 7, -8
 234              		.cfi_offset 14, -4
 235 0002 84B0     		sub	sp, sp, #16
 236              		.cfi_def_cfa_offset 24
 237 0004 00AF     		add	r7, sp, #0
 238              		.cfi_def_cfa_register 7
 239 0006 7860     		str	r0, [r7, #4]
 298:.\Generated_Source\PSoC4/UART_DEB.c ****     uint32 txFifoCtrl;
 299:.\Generated_Source\PSoC4/UART_DEB.c **** 
 300:.\Generated_Source\PSoC4/UART_DEB.c ****     txFifoCtrl = UART_DEB_TX_FIFO_CTRL_REG;
 240              		.loc 1 300 0
 241 0008 094B     		ldr	r3, .L16
 242 000a 1B68     		ldr	r3, [r3]
 243 000c FB60     		str	r3, [r7, #12]
 301:.\Generated_Source\PSoC4/UART_DEB.c **** 
 302:.\Generated_Source\PSoC4/UART_DEB.c ****     txFifoCtrl &= ((uint32) ~UART_DEB_TX_FIFO_CTRL_TRIGGER_LEVEL_MASK); /* Clear level mask bits */
 244              		.loc 1 302 0
 245 000e FB68     		ldr	r3, [r7, #12]
 246 0010 0F22     		mov	r2, #15
 247 0012 9343     		bic	r3, r2
 248 0014 FB60     		str	r3, [r7, #12]
 303:.\Generated_Source\PSoC4/UART_DEB.c ****     txFifoCtrl |= ((uint32) (UART_DEB_TX_FIFO_CTRL_TRIGGER_LEVEL_MASK & level));
 249              		.loc 1 303 0
 250 0016 7B68     		ldr	r3, [r7, #4]
 251 0018 0F22     		mov	r2, #15
 252 001a 1340     		and	r3, r2
 253 001c FA68     		ldr	r2, [r7, #12]
 254 001e 1343     		orr	r3, r2
 255 0020 FB60     		str	r3, [r7, #12]
 304:.\Generated_Source\PSoC4/UART_DEB.c **** 
 305:.\Generated_Source\PSoC4/UART_DEB.c ****     UART_DEB_TX_FIFO_CTRL_REG = txFifoCtrl;
 256              		.loc 1 305 0
 257 0022 034B     		ldr	r3, .L16
 258 0024 FA68     		ldr	r2, [r7, #12]
 259 0026 1A60     		str	r2, [r3]
 306:.\Generated_Source\PSoC4/UART_DEB.c **** }
 260              		.loc 1 306 0
 261 0028 BD46     		mov	sp, r7
 262 002a 04B0     		add	sp, sp, #16
 263              		@ sp needed
 264 002c 80BD     		pop	{r7, pc}
ARM GAS  C:\Users\mohammed\AppData\Local\Temp\ccCCeZbd.s 			page 11


 265              	.L17:
 266 002e C046     		.align	2
 267              	.L16:
 268 0030 04022440 		.word	1076101636
 269              		.cfi_endproc
 270              	.LFE7:
 271              		.size	UART_DEB_SetTxFifoLevel, .-UART_DEB_SetTxFifoLevel
 272              		.section	.text.UART_DEB_ScbEnableIntr,"ax",%progbits
 273              		.align	2
 274              		.code	16
 275              		.thumb_func
 276              		.type	UART_DEB_ScbEnableIntr, %function
 277              	UART_DEB_ScbEnableIntr:
 278              	.LFB8:
 307:.\Generated_Source\PSoC4/UART_DEB.c **** 
 308:.\Generated_Source\PSoC4/UART_DEB.c **** 
 309:.\Generated_Source\PSoC4/UART_DEB.c **** #if (UART_DEB_SCB_IRQ_INTERNAL)
 310:.\Generated_Source\PSoC4/UART_DEB.c ****     /*******************************************************************************
 311:.\Generated_Source\PSoC4/UART_DEB.c ****     * Function Name: UART_DEB_SetCustomInterruptHandler
 312:.\Generated_Source\PSoC4/UART_DEB.c ****     ********************************************************************************
 313:.\Generated_Source\PSoC4/UART_DEB.c ****     *
 314:.\Generated_Source\PSoC4/UART_DEB.c ****     * Summary:
 315:.\Generated_Source\PSoC4/UART_DEB.c ****     *  Registers a function to be called by the internal interrupt handler.
 316:.\Generated_Source\PSoC4/UART_DEB.c ****     *  First the function that is registered is called, then the internal interrupt
 317:.\Generated_Source\PSoC4/UART_DEB.c ****     *  handler performs any operation such as software buffer management functions
 318:.\Generated_Source\PSoC4/UART_DEB.c ****     *  before the interrupt returns.  It is the user's responsibility not to break
 319:.\Generated_Source\PSoC4/UART_DEB.c ****     *  the software buffer operations. Only one custom handler is supported, which
 320:.\Generated_Source\PSoC4/UART_DEB.c ****     *  is the function provided by the most recent call.
 321:.\Generated_Source\PSoC4/UART_DEB.c ****     *  At the initialization time no custom handler is registered.
 322:.\Generated_Source\PSoC4/UART_DEB.c ****     *
 323:.\Generated_Source\PSoC4/UART_DEB.c ****     * Parameters:
 324:.\Generated_Source\PSoC4/UART_DEB.c ****     *  func: Pointer to the function to register.
 325:.\Generated_Source\PSoC4/UART_DEB.c ****     *        The value NULL indicates to remove the current custom interrupt
 326:.\Generated_Source\PSoC4/UART_DEB.c ****     *        handler.
 327:.\Generated_Source\PSoC4/UART_DEB.c ****     *
 328:.\Generated_Source\PSoC4/UART_DEB.c ****     * Return:
 329:.\Generated_Source\PSoC4/UART_DEB.c ****     *  None
 330:.\Generated_Source\PSoC4/UART_DEB.c ****     *
 331:.\Generated_Source\PSoC4/UART_DEB.c ****     *******************************************************************************/
 332:.\Generated_Source\PSoC4/UART_DEB.c ****     void UART_DEB_SetCustomInterruptHandler(void (*func)(void))
 333:.\Generated_Source\PSoC4/UART_DEB.c ****     {
 334:.\Generated_Source\PSoC4/UART_DEB.c ****     #if !defined (CY_REMOVE_UART_DEB_CUSTOM_INTR_HANDLER)
 335:.\Generated_Source\PSoC4/UART_DEB.c ****         UART_DEB_customIntrHandler = func; /* Register interrupt handler */
 336:.\Generated_Source\PSoC4/UART_DEB.c ****     #else
 337:.\Generated_Source\PSoC4/UART_DEB.c ****         if (NULL != func)
 338:.\Generated_Source\PSoC4/UART_DEB.c ****         {
 339:.\Generated_Source\PSoC4/UART_DEB.c ****             /* Suppress compiler warning */
 340:.\Generated_Source\PSoC4/UART_DEB.c ****         }
 341:.\Generated_Source\PSoC4/UART_DEB.c ****     #endif /* !defined (CY_REMOVE_UART_DEB_CUSTOM_INTR_HANDLER) */
 342:.\Generated_Source\PSoC4/UART_DEB.c ****     }
 343:.\Generated_Source\PSoC4/UART_DEB.c **** #endif /* (UART_DEB_SCB_IRQ_INTERNAL) */
 344:.\Generated_Source\PSoC4/UART_DEB.c **** 
 345:.\Generated_Source\PSoC4/UART_DEB.c **** 
 346:.\Generated_Source\PSoC4/UART_DEB.c **** /*******************************************************************************
 347:.\Generated_Source\PSoC4/UART_DEB.c **** * Function Name: UART_DEB_ScbModeEnableIntr
 348:.\Generated_Source\PSoC4/UART_DEB.c **** ********************************************************************************
 349:.\Generated_Source\PSoC4/UART_DEB.c **** *
ARM GAS  C:\Users\mohammed\AppData\Local\Temp\ccCCeZbd.s 			page 12


 350:.\Generated_Source\PSoC4/UART_DEB.c **** * Summary:
 351:.\Generated_Source\PSoC4/UART_DEB.c **** *  Enables an interrupt for a specific mode.
 352:.\Generated_Source\PSoC4/UART_DEB.c **** *
 353:.\Generated_Source\PSoC4/UART_DEB.c **** * Parameters:
 354:.\Generated_Source\PSoC4/UART_DEB.c **** *  None
 355:.\Generated_Source\PSoC4/UART_DEB.c **** *
 356:.\Generated_Source\PSoC4/UART_DEB.c **** * Return:
 357:.\Generated_Source\PSoC4/UART_DEB.c **** *  None
 358:.\Generated_Source\PSoC4/UART_DEB.c **** *
 359:.\Generated_Source\PSoC4/UART_DEB.c **** *******************************************************************************/
 360:.\Generated_Source\PSoC4/UART_DEB.c **** static void UART_DEB_ScbEnableIntr(void)
 361:.\Generated_Source\PSoC4/UART_DEB.c **** {
 279              		.loc 1 361 0
 280              		.cfi_startproc
 281 0000 80B5     		push	{r7, lr}
 282              		.cfi_def_cfa_offset 8
 283              		.cfi_offset 7, -8
 284              		.cfi_offset 14, -4
 285 0002 00AF     		add	r7, sp, #0
 286              		.cfi_def_cfa_register 7
 362:.\Generated_Source\PSoC4/UART_DEB.c **** #if (UART_DEB_SCB_IRQ_INTERNAL)
 363:.\Generated_Source\PSoC4/UART_DEB.c ****     /* Enable interrupt in NVIC */
 364:.\Generated_Source\PSoC4/UART_DEB.c ****     #if (UART_DEB_SCB_MODE_UNCONFIG_CONST_CFG)
 365:.\Generated_Source\PSoC4/UART_DEB.c ****         if (0u != UART_DEB_scbEnableIntr)
 366:.\Generated_Source\PSoC4/UART_DEB.c ****         {
 367:.\Generated_Source\PSoC4/UART_DEB.c ****             UART_DEB_EnableInt();
 368:.\Generated_Source\PSoC4/UART_DEB.c ****         }
 369:.\Generated_Source\PSoC4/UART_DEB.c **** 
 370:.\Generated_Source\PSoC4/UART_DEB.c ****     #else
 371:.\Generated_Source\PSoC4/UART_DEB.c ****         UART_DEB_EnableInt();
 372:.\Generated_Source\PSoC4/UART_DEB.c **** 
 373:.\Generated_Source\PSoC4/UART_DEB.c ****     #endif /* (UART_DEB_SCB_MODE_UNCONFIG_CONST_CFG) */
 374:.\Generated_Source\PSoC4/UART_DEB.c **** #endif /* (UART_DEB_SCB_IRQ_INTERNAL) */
 375:.\Generated_Source\PSoC4/UART_DEB.c **** }
 287              		.loc 1 375 0
 288 0004 BD46     		mov	sp, r7
 289              		@ sp needed
 290 0006 80BD     		pop	{r7, pc}
 291              		.cfi_endproc
 292              	.LFE8:
 293              		.size	UART_DEB_ScbEnableIntr, .-UART_DEB_ScbEnableIntr
 294              		.section	.text.UART_DEB_ScbModePostEnable,"ax",%progbits
 295              		.align	2
 296              		.code	16
 297              		.thumb_func
 298              		.type	UART_DEB_ScbModePostEnable, %function
 299              	UART_DEB_ScbModePostEnable:
 300              	.LFB9:
 376:.\Generated_Source\PSoC4/UART_DEB.c **** 
 377:.\Generated_Source\PSoC4/UART_DEB.c **** 
 378:.\Generated_Source\PSoC4/UART_DEB.c **** /*******************************************************************************
 379:.\Generated_Source\PSoC4/UART_DEB.c **** * Function Name: UART_DEB_ScbModePostEnable
 380:.\Generated_Source\PSoC4/UART_DEB.c **** ********************************************************************************
 381:.\Generated_Source\PSoC4/UART_DEB.c **** *
 382:.\Generated_Source\PSoC4/UART_DEB.c **** * Summary:
 383:.\Generated_Source\PSoC4/UART_DEB.c **** *  Calls the PostEnable function for a specific operation mode.
 384:.\Generated_Source\PSoC4/UART_DEB.c **** *
ARM GAS  C:\Users\mohammed\AppData\Local\Temp\ccCCeZbd.s 			page 13


 385:.\Generated_Source\PSoC4/UART_DEB.c **** * Parameters:
 386:.\Generated_Source\PSoC4/UART_DEB.c **** *  None
 387:.\Generated_Source\PSoC4/UART_DEB.c **** *
 388:.\Generated_Source\PSoC4/UART_DEB.c **** * Return:
 389:.\Generated_Source\PSoC4/UART_DEB.c **** *  None
 390:.\Generated_Source\PSoC4/UART_DEB.c **** *
 391:.\Generated_Source\PSoC4/UART_DEB.c **** *******************************************************************************/
 392:.\Generated_Source\PSoC4/UART_DEB.c **** static void UART_DEB_ScbModePostEnable(void)
 393:.\Generated_Source\PSoC4/UART_DEB.c **** {
 301              		.loc 1 393 0
 302              		.cfi_startproc
 303 0000 80B5     		push	{r7, lr}
 304              		.cfi_def_cfa_offset 8
 305              		.cfi_offset 7, -8
 306              		.cfi_offset 14, -4
 307 0002 00AF     		add	r7, sp, #0
 308              		.cfi_def_cfa_register 7
 394:.\Generated_Source\PSoC4/UART_DEB.c **** #if (UART_DEB_SCB_MODE_UNCONFIG_CONST_CFG)
 395:.\Generated_Source\PSoC4/UART_DEB.c **** #if (!UART_DEB_CY_SCBIP_V1)
 396:.\Generated_Source\PSoC4/UART_DEB.c ****     if (UART_DEB_SCB_MODE_SPI_RUNTM_CFG)
 397:.\Generated_Source\PSoC4/UART_DEB.c ****     {
 398:.\Generated_Source\PSoC4/UART_DEB.c ****         UART_DEB_SpiPostEnable();
 399:.\Generated_Source\PSoC4/UART_DEB.c ****     }
 400:.\Generated_Source\PSoC4/UART_DEB.c ****     else if (UART_DEB_SCB_MODE_UART_RUNTM_CFG)
 401:.\Generated_Source\PSoC4/UART_DEB.c ****     {
 402:.\Generated_Source\PSoC4/UART_DEB.c ****         UART_DEB_UartPostEnable();
 403:.\Generated_Source\PSoC4/UART_DEB.c ****     }
 404:.\Generated_Source\PSoC4/UART_DEB.c ****     else
 405:.\Generated_Source\PSoC4/UART_DEB.c ****     {
 406:.\Generated_Source\PSoC4/UART_DEB.c ****         /* Unknown mode: do nothing */
 407:.\Generated_Source\PSoC4/UART_DEB.c ****     }
 408:.\Generated_Source\PSoC4/UART_DEB.c **** #endif /* (!UART_DEB_CY_SCBIP_V1) */
 409:.\Generated_Source\PSoC4/UART_DEB.c **** 
 410:.\Generated_Source\PSoC4/UART_DEB.c **** #elif (UART_DEB_SCB_MODE_SPI_CONST_CFG)
 411:.\Generated_Source\PSoC4/UART_DEB.c ****     UART_DEB_SpiPostEnable();
 412:.\Generated_Source\PSoC4/UART_DEB.c **** 
 413:.\Generated_Source\PSoC4/UART_DEB.c **** #elif (UART_DEB_SCB_MODE_UART_CONST_CFG)
 414:.\Generated_Source\PSoC4/UART_DEB.c ****     UART_DEB_UartPostEnable();
 309              		.loc 1 414 0
 310 0004 FFF7FEFF 		bl	UART_DEB_UartPostEnable
 415:.\Generated_Source\PSoC4/UART_DEB.c **** 
 416:.\Generated_Source\PSoC4/UART_DEB.c **** #else
 417:.\Generated_Source\PSoC4/UART_DEB.c ****     /* Unknown mode: do nothing */
 418:.\Generated_Source\PSoC4/UART_DEB.c **** #endif /* (UART_DEB_SCB_MODE_UNCONFIG_CONST_CFG) */
 419:.\Generated_Source\PSoC4/UART_DEB.c **** }
 311              		.loc 1 419 0
 312 0008 BD46     		mov	sp, r7
 313              		@ sp needed
 314 000a 80BD     		pop	{r7, pc}
 315              		.cfi_endproc
 316              	.LFE9:
 317              		.size	UART_DEB_ScbModePostEnable, .-UART_DEB_ScbModePostEnable
 318              		.section	.text.UART_DEB_ScbModeStop,"ax",%progbits
 319              		.align	2
 320              		.code	16
 321              		.thumb_func
 322              		.type	UART_DEB_ScbModeStop, %function
ARM GAS  C:\Users\mohammed\AppData\Local\Temp\ccCCeZbd.s 			page 14


 323              	UART_DEB_ScbModeStop:
 324              	.LFB10:
 420:.\Generated_Source\PSoC4/UART_DEB.c **** 
 421:.\Generated_Source\PSoC4/UART_DEB.c **** 
 422:.\Generated_Source\PSoC4/UART_DEB.c **** /*******************************************************************************
 423:.\Generated_Source\PSoC4/UART_DEB.c **** * Function Name: UART_DEB_ScbModeStop
 424:.\Generated_Source\PSoC4/UART_DEB.c **** ********************************************************************************
 425:.\Generated_Source\PSoC4/UART_DEB.c **** *
 426:.\Generated_Source\PSoC4/UART_DEB.c **** * Summary:
 427:.\Generated_Source\PSoC4/UART_DEB.c **** *  Calls the Stop function for a specific operation mode.
 428:.\Generated_Source\PSoC4/UART_DEB.c **** *
 429:.\Generated_Source\PSoC4/UART_DEB.c **** * Parameters:
 430:.\Generated_Source\PSoC4/UART_DEB.c **** *  None
 431:.\Generated_Source\PSoC4/UART_DEB.c **** *
 432:.\Generated_Source\PSoC4/UART_DEB.c **** * Return:
 433:.\Generated_Source\PSoC4/UART_DEB.c **** *  None
 434:.\Generated_Source\PSoC4/UART_DEB.c **** *
 435:.\Generated_Source\PSoC4/UART_DEB.c **** *******************************************************************************/
 436:.\Generated_Source\PSoC4/UART_DEB.c **** static void UART_DEB_ScbModeStop(void)
 437:.\Generated_Source\PSoC4/UART_DEB.c **** {
 325              		.loc 1 437 0
 326              		.cfi_startproc
 327 0000 80B5     		push	{r7, lr}
 328              		.cfi_def_cfa_offset 8
 329              		.cfi_offset 7, -8
 330              		.cfi_offset 14, -4
 331 0002 00AF     		add	r7, sp, #0
 332              		.cfi_def_cfa_register 7
 438:.\Generated_Source\PSoC4/UART_DEB.c **** #if (UART_DEB_SCB_MODE_UNCONFIG_CONST_CFG)
 439:.\Generated_Source\PSoC4/UART_DEB.c ****     if (UART_DEB_SCB_MODE_I2C_RUNTM_CFG)
 440:.\Generated_Source\PSoC4/UART_DEB.c ****     {
 441:.\Generated_Source\PSoC4/UART_DEB.c ****         UART_DEB_I2CStop();
 442:.\Generated_Source\PSoC4/UART_DEB.c ****     }
 443:.\Generated_Source\PSoC4/UART_DEB.c ****     else if (UART_DEB_SCB_MODE_EZI2C_RUNTM_CFG)
 444:.\Generated_Source\PSoC4/UART_DEB.c ****     {
 445:.\Generated_Source\PSoC4/UART_DEB.c ****         UART_DEB_EzI2CStop();
 446:.\Generated_Source\PSoC4/UART_DEB.c ****     }
 447:.\Generated_Source\PSoC4/UART_DEB.c **** #if (!UART_DEB_CY_SCBIP_V1)
 448:.\Generated_Source\PSoC4/UART_DEB.c ****     else if (UART_DEB_SCB_MODE_SPI_RUNTM_CFG)
 449:.\Generated_Source\PSoC4/UART_DEB.c ****     {
 450:.\Generated_Source\PSoC4/UART_DEB.c ****         UART_DEB_SpiStop();
 451:.\Generated_Source\PSoC4/UART_DEB.c ****     }
 452:.\Generated_Source\PSoC4/UART_DEB.c ****     else if (UART_DEB_SCB_MODE_UART_RUNTM_CFG)
 453:.\Generated_Source\PSoC4/UART_DEB.c ****     {
 454:.\Generated_Source\PSoC4/UART_DEB.c ****         UART_DEB_UartStop();
 455:.\Generated_Source\PSoC4/UART_DEB.c ****     }
 456:.\Generated_Source\PSoC4/UART_DEB.c **** #endif /* (!UART_DEB_CY_SCBIP_V1) */
 457:.\Generated_Source\PSoC4/UART_DEB.c ****     else
 458:.\Generated_Source\PSoC4/UART_DEB.c ****     {
 459:.\Generated_Source\PSoC4/UART_DEB.c ****         /* Unknown mode: do nothing */
 460:.\Generated_Source\PSoC4/UART_DEB.c ****     }
 461:.\Generated_Source\PSoC4/UART_DEB.c **** #elif (UART_DEB_SCB_MODE_I2C_CONST_CFG)
 462:.\Generated_Source\PSoC4/UART_DEB.c ****     UART_DEB_I2CStop();
 463:.\Generated_Source\PSoC4/UART_DEB.c **** 
 464:.\Generated_Source\PSoC4/UART_DEB.c **** #elif (UART_DEB_SCB_MODE_EZI2C_CONST_CFG)
 465:.\Generated_Source\PSoC4/UART_DEB.c ****     UART_DEB_EzI2CStop();
 466:.\Generated_Source\PSoC4/UART_DEB.c **** 
ARM GAS  C:\Users\mohammed\AppData\Local\Temp\ccCCeZbd.s 			page 15


 467:.\Generated_Source\PSoC4/UART_DEB.c **** #elif (UART_DEB_SCB_MODE_SPI_CONST_CFG)
 468:.\Generated_Source\PSoC4/UART_DEB.c ****     UART_DEB_SpiStop();
 469:.\Generated_Source\PSoC4/UART_DEB.c **** 
 470:.\Generated_Source\PSoC4/UART_DEB.c **** #elif (UART_DEB_SCB_MODE_UART_CONST_CFG)
 471:.\Generated_Source\PSoC4/UART_DEB.c ****     UART_DEB_UartStop();
 333              		.loc 1 471 0
 334 0004 FFF7FEFF 		bl	UART_DEB_UartStop
 472:.\Generated_Source\PSoC4/UART_DEB.c **** 
 473:.\Generated_Source\PSoC4/UART_DEB.c **** #else
 474:.\Generated_Source\PSoC4/UART_DEB.c ****     /* Unknown mode: do nothing */
 475:.\Generated_Source\PSoC4/UART_DEB.c **** #endif /* (UART_DEB_SCB_MODE_UNCONFIG_CONST_CFG) */
 476:.\Generated_Source\PSoC4/UART_DEB.c **** }
 335              		.loc 1 476 0
 336 0008 BD46     		mov	sp, r7
 337              		@ sp needed
 338 000a 80BD     		pop	{r7, pc}
 339              		.cfi_endproc
 340              	.LFE10:
 341              		.size	UART_DEB_ScbModeStop, .-UART_DEB_ScbModeStop
 342              		.text
 343              	.Letext0:
 344              		.file 2 "Generated_Source\\PSoC4/cytypes.h"
 345              		.section	.debug_info,"",%progbits
 346              	.Ldebug_info0:
 347 0000 A2010000 		.4byte	0x1a2
 348 0004 0400     		.2byte	0x4
 349 0006 00000000 		.4byte	.Ldebug_abbrev0
 350 000a 04       		.byte	0x4
 351 000b 01       		.uleb128 0x1
 352 000c BD000000 		.4byte	.LASF28
 353 0010 01       		.byte	0x1
 354 0011 9C010000 		.4byte	.LASF29
 355 0015 C0010000 		.4byte	.LASF30
 356 0019 00000000 		.4byte	.Ldebug_ranges0+0
 357 001d 00000000 		.4byte	0
 358 0021 00000000 		.4byte	.Ldebug_line0
 359 0025 02       		.uleb128 0x2
 360 0026 01       		.byte	0x1
 361 0027 06       		.byte	0x6
 362 0028 5C020000 		.4byte	.LASF0
 363 002c 02       		.uleb128 0x2
 364 002d 01       		.byte	0x1
 365 002e 08       		.byte	0x8
 366 002f 57000000 		.4byte	.LASF1
 367 0033 02       		.uleb128 0x2
 368 0034 02       		.byte	0x2
 369 0035 05       		.byte	0x5
 370 0036 2C020000 		.4byte	.LASF2
 371 003a 02       		.uleb128 0x2
 372 003b 02       		.byte	0x2
 373 003c 07       		.byte	0x7
 374 003d 33000000 		.4byte	.LASF3
 375 0041 02       		.uleb128 0x2
 376 0042 04       		.byte	0x4
 377 0043 05       		.byte	0x5
 378 0044 4E020000 		.4byte	.LASF4
 379 0048 02       		.uleb128 0x2
ARM GAS  C:\Users\mohammed\AppData\Local\Temp\ccCCeZbd.s 			page 16


 380 0049 04       		.byte	0x4
 381 004a 07       		.byte	0x7
 382 004b 65000000 		.4byte	.LASF5
 383 004f 02       		.uleb128 0x2
 384 0050 08       		.byte	0x8
 385 0051 05       		.byte	0x5
 386 0052 8E010000 		.4byte	.LASF6
 387 0056 02       		.uleb128 0x2
 388 0057 08       		.byte	0x8
 389 0058 07       		.byte	0x7
 390 0059 6E010000 		.4byte	.LASF7
 391 005d 03       		.uleb128 0x3
 392 005e 04       		.byte	0x4
 393 005f 05       		.byte	0x5
 394 0060 696E7400 		.ascii	"int\000"
 395 0064 02       		.uleb128 0x2
 396 0065 04       		.byte	0x4
 397 0066 07       		.byte	0x7
 398 0067 52010000 		.4byte	.LASF8
 399 006b 04       		.uleb128 0x4
 400 006c 77000000 		.4byte	.LASF9
 401 0070 02       		.byte	0x2
 402 0071 3801     		.2byte	0x138
 403 0073 2C000000 		.4byte	0x2c
 404 0077 04       		.uleb128 0x4
 405 0078 4B010000 		.4byte	.LASF10
 406 007c 02       		.byte	0x2
 407 007d 3A01     		.2byte	0x13a
 408 007f 48000000 		.4byte	0x48
 409 0083 02       		.uleb128 0x2
 410 0084 04       		.byte	0x4
 411 0085 04       		.byte	0x4
 412 0086 51000000 		.4byte	.LASF11
 413 008a 02       		.uleb128 0x2
 414 008b 08       		.byte	0x8
 415 008c 04       		.byte	0x4
 416 008d A6000000 		.4byte	.LASF12
 417 0091 02       		.uleb128 0x2
 418 0092 01       		.byte	0x1
 419 0093 08       		.byte	0x8
 420 0094 57020000 		.4byte	.LASF13
 421 0098 04       		.uleb128 0x4
 422 0099 00000000 		.4byte	.LASF14
 423 009d 02       		.byte	0x2
 424 009e E401     		.2byte	0x1e4
 425 00a0 A4000000 		.4byte	0xa4
 426 00a4 05       		.uleb128 0x5
 427 00a5 77000000 		.4byte	0x77
 428 00a9 02       		.uleb128 0x2
 429 00aa 04       		.byte	0x4
 430 00ab 07       		.byte	0x7
 431 00ac 85010000 		.4byte	.LASF15
 432 00b0 06       		.uleb128 0x6
 433 00b1 17000000 		.4byte	.LASF16
 434 00b5 01       		.byte	0x1
 435 00b6 66       		.byte	0x66
 436 00b7 00000000 		.4byte	.LFB2
ARM GAS  C:\Users\mohammed\AppData\Local\Temp\ccCCeZbd.s 			page 17


 437 00bb 0C000000 		.4byte	.LFE2-.LFB2
 438 00bf 01       		.uleb128 0x1
 439 00c0 9C       		.byte	0x9c
 440 00c1 06       		.uleb128 0x6
 441 00c2 AD000000 		.4byte	.LASF17
 442 00c6 01       		.byte	0x1
 443 00c7 92       		.byte	0x92
 444 00c8 00000000 		.4byte	.LFB3
 445 00cc 24000000 		.4byte	.LFE3-.LFB3
 446 00d0 01       		.uleb128 0x1
 447 00d1 9C       		.byte	0x9c
 448 00d2 06       		.uleb128 0x6
 449 00d3 5F010000 		.4byte	.LASF18
 450 00d7 01       		.byte	0x1
 451 00d8 C0       		.byte	0xc0
 452 00d9 00000000 		.4byte	.LFB4
 453 00dd 24000000 		.4byte	.LFE4-.LFB4
 454 00e1 01       		.uleb128 0x1
 455 00e2 9C       		.byte	0x9c
 456 00e3 06       		.uleb128 0x6
 457 00e4 25000000 		.4byte	.LASF19
 458 00e8 01       		.byte	0x1
 459 00e9 DD       		.byte	0xdd
 460 00ea 00000000 		.4byte	.LFB5
 461 00ee 28000000 		.4byte	.LFE5-.LFB5
 462 00f2 01       		.uleb128 0x1
 463 00f3 9C       		.byte	0x9c
 464 00f4 07       		.uleb128 0x7
 465 00f5 8E000000 		.4byte	.LASF20
 466 00f9 01       		.byte	0x1
 467 00fa 0A01     		.2byte	0x10a
 468 00fc 00000000 		.4byte	.LFB6
 469 0100 34000000 		.4byte	.LFE6-.LFB6
 470 0104 01       		.uleb128 0x1
 471 0105 9C       		.byte	0x9c
 472 0106 29010000 		.4byte	0x129
 473 010a 08       		.uleb128 0x8
 474 010b 11000000 		.4byte	.LASF22
 475 010f 01       		.byte	0x1
 476 0110 0A01     		.2byte	0x10a
 477 0112 77000000 		.4byte	0x77
 478 0116 02       		.uleb128 0x2
 479 0117 91       		.byte	0x91
 480 0118 6C       		.sleb128 -20
 481 0119 09       		.uleb128 0x9
 482 011a 46000000 		.4byte	.LASF23
 483 011e 01       		.byte	0x1
 484 011f 0C01     		.2byte	0x10c
 485 0121 77000000 		.4byte	0x77
 486 0125 02       		.uleb128 0x2
 487 0126 91       		.byte	0x91
 488 0127 74       		.sleb128 -12
 489 0128 00       		.byte	0
 490 0129 07       		.uleb128 0x7
 491 012a 36020000 		.4byte	.LASF21
 492 012e 01       		.byte	0x1
 493 012f 2801     		.2byte	0x128
ARM GAS  C:\Users\mohammed\AppData\Local\Temp\ccCCeZbd.s 			page 18


 494 0131 00000000 		.4byte	.LFB7
 495 0135 34000000 		.4byte	.LFE7-.LFB7
 496 0139 01       		.uleb128 0x1
 497 013a 9C       		.byte	0x9c
 498 013b 5E010000 		.4byte	0x15e
 499 013f 08       		.uleb128 0x8
 500 0140 11000000 		.4byte	.LASF22
 501 0144 01       		.byte	0x1
 502 0145 2801     		.2byte	0x128
 503 0147 77000000 		.4byte	0x77
 504 014b 02       		.uleb128 0x2
 505 014c 91       		.byte	0x91
 506 014d 6C       		.sleb128 -20
 507 014e 09       		.uleb128 0x9
 508 014f 06000000 		.4byte	.LASF24
 509 0153 01       		.byte	0x1
 510 0154 2A01     		.2byte	0x12a
 511 0156 77000000 		.4byte	0x77
 512 015a 02       		.uleb128 0x2
 513 015b 91       		.byte	0x91
 514 015c 74       		.sleb128 -12
 515 015d 00       		.byte	0
 516 015e 0A       		.uleb128 0xa
 517 015f 15020000 		.4byte	.LASF25
 518 0163 01       		.byte	0x1
 519 0164 6801     		.2byte	0x168
 520 0166 00000000 		.4byte	.LFB8
 521 016a 08000000 		.4byte	.LFE8-.LFB8
 522 016e 01       		.uleb128 0x1
 523 016f 9C       		.byte	0x9c
 524 0170 0B       		.uleb128 0xb
 525 0171 FA010000 		.4byte	.LASF26
 526 0175 01       		.byte	0x1
 527 0176 8801     		.2byte	0x188
 528 0178 00000000 		.4byte	.LFB9
 529 017c 0C000000 		.4byte	.LFE9-.LFB9
 530 0180 01       		.uleb128 0x1
 531 0181 9C       		.byte	0x9c
 532 0182 0B       		.uleb128 0xb
 533 0183 68020000 		.4byte	.LASF27
 534 0187 01       		.byte	0x1
 535 0188 B401     		.2byte	0x1b4
 536 018a 00000000 		.4byte	.LFB10
 537 018e 0C000000 		.4byte	.LFE10-.LFB10
 538 0192 01       		.uleb128 0x1
 539 0193 9C       		.byte	0x9c
 540 0194 0C       		.uleb128 0xc
 541 0195 7D000000 		.4byte	.LASF31
 542 0199 01       		.byte	0x1
 543 019a 42       		.byte	0x42
 544 019b 6B000000 		.4byte	0x6b
 545 019f 05       		.uleb128 0x5
 546 01a0 03       		.byte	0x3
 547 01a1 00000000 		.4byte	UART_DEB_initVar
 548 01a5 00       		.byte	0
 549              		.section	.debug_abbrev,"",%progbits
 550              	.Ldebug_abbrev0:
ARM GAS  C:\Users\mohammed\AppData\Local\Temp\ccCCeZbd.s 			page 19


 551 0000 01       		.uleb128 0x1
 552 0001 11       		.uleb128 0x11
 553 0002 01       		.byte	0x1
 554 0003 25       		.uleb128 0x25
 555 0004 0E       		.uleb128 0xe
 556 0005 13       		.uleb128 0x13
 557 0006 0B       		.uleb128 0xb
 558 0007 03       		.uleb128 0x3
 559 0008 0E       		.uleb128 0xe
 560 0009 1B       		.uleb128 0x1b
 561 000a 0E       		.uleb128 0xe
 562 000b 55       		.uleb128 0x55
 563 000c 17       		.uleb128 0x17
 564 000d 11       		.uleb128 0x11
 565 000e 01       		.uleb128 0x1
 566 000f 10       		.uleb128 0x10
 567 0010 17       		.uleb128 0x17
 568 0011 00       		.byte	0
 569 0012 00       		.byte	0
 570 0013 02       		.uleb128 0x2
 571 0014 24       		.uleb128 0x24
 572 0015 00       		.byte	0
 573 0016 0B       		.uleb128 0xb
 574 0017 0B       		.uleb128 0xb
 575 0018 3E       		.uleb128 0x3e
 576 0019 0B       		.uleb128 0xb
 577 001a 03       		.uleb128 0x3
 578 001b 0E       		.uleb128 0xe
 579 001c 00       		.byte	0
 580 001d 00       		.byte	0
 581 001e 03       		.uleb128 0x3
 582 001f 24       		.uleb128 0x24
 583 0020 00       		.byte	0
 584 0021 0B       		.uleb128 0xb
 585 0022 0B       		.uleb128 0xb
 586 0023 3E       		.uleb128 0x3e
 587 0024 0B       		.uleb128 0xb
 588 0025 03       		.uleb128 0x3
 589 0026 08       		.uleb128 0x8
 590 0027 00       		.byte	0
 591 0028 00       		.byte	0
 592 0029 04       		.uleb128 0x4
 593 002a 16       		.uleb128 0x16
 594 002b 00       		.byte	0
 595 002c 03       		.uleb128 0x3
 596 002d 0E       		.uleb128 0xe
 597 002e 3A       		.uleb128 0x3a
 598 002f 0B       		.uleb128 0xb
 599 0030 3B       		.uleb128 0x3b
 600 0031 05       		.uleb128 0x5
 601 0032 49       		.uleb128 0x49
 602 0033 13       		.uleb128 0x13
 603 0034 00       		.byte	0
 604 0035 00       		.byte	0
 605 0036 05       		.uleb128 0x5
 606 0037 35       		.uleb128 0x35
 607 0038 00       		.byte	0
ARM GAS  C:\Users\mohammed\AppData\Local\Temp\ccCCeZbd.s 			page 20


 608 0039 49       		.uleb128 0x49
 609 003a 13       		.uleb128 0x13
 610 003b 00       		.byte	0
 611 003c 00       		.byte	0
 612 003d 06       		.uleb128 0x6
 613 003e 2E       		.uleb128 0x2e
 614 003f 00       		.byte	0
 615 0040 3F       		.uleb128 0x3f
 616 0041 19       		.uleb128 0x19
 617 0042 03       		.uleb128 0x3
 618 0043 0E       		.uleb128 0xe
 619 0044 3A       		.uleb128 0x3a
 620 0045 0B       		.uleb128 0xb
 621 0046 3B       		.uleb128 0x3b
 622 0047 0B       		.uleb128 0xb
 623 0048 27       		.uleb128 0x27
 624 0049 19       		.uleb128 0x19
 625 004a 11       		.uleb128 0x11
 626 004b 01       		.uleb128 0x1
 627 004c 12       		.uleb128 0x12
 628 004d 06       		.uleb128 0x6
 629 004e 40       		.uleb128 0x40
 630 004f 18       		.uleb128 0x18
 631 0050 9642     		.uleb128 0x2116
 632 0052 19       		.uleb128 0x19
 633 0053 00       		.byte	0
 634 0054 00       		.byte	0
 635 0055 07       		.uleb128 0x7
 636 0056 2E       		.uleb128 0x2e
 637 0057 01       		.byte	0x1
 638 0058 3F       		.uleb128 0x3f
 639 0059 19       		.uleb128 0x19
 640 005a 03       		.uleb128 0x3
 641 005b 0E       		.uleb128 0xe
 642 005c 3A       		.uleb128 0x3a
 643 005d 0B       		.uleb128 0xb
 644 005e 3B       		.uleb128 0x3b
 645 005f 05       		.uleb128 0x5
 646 0060 27       		.uleb128 0x27
 647 0061 19       		.uleb128 0x19
 648 0062 11       		.uleb128 0x11
 649 0063 01       		.uleb128 0x1
 650 0064 12       		.uleb128 0x12
 651 0065 06       		.uleb128 0x6
 652 0066 40       		.uleb128 0x40
 653 0067 18       		.uleb128 0x18
 654 0068 9742     		.uleb128 0x2117
 655 006a 19       		.uleb128 0x19
 656 006b 01       		.uleb128 0x1
 657 006c 13       		.uleb128 0x13
 658 006d 00       		.byte	0
 659 006e 00       		.byte	0
 660 006f 08       		.uleb128 0x8
 661 0070 05       		.uleb128 0x5
 662 0071 00       		.byte	0
 663 0072 03       		.uleb128 0x3
 664 0073 0E       		.uleb128 0xe
ARM GAS  C:\Users\mohammed\AppData\Local\Temp\ccCCeZbd.s 			page 21


 665 0074 3A       		.uleb128 0x3a
 666 0075 0B       		.uleb128 0xb
 667 0076 3B       		.uleb128 0x3b
 668 0077 05       		.uleb128 0x5
 669 0078 49       		.uleb128 0x49
 670 0079 13       		.uleb128 0x13
 671 007a 02       		.uleb128 0x2
 672 007b 18       		.uleb128 0x18
 673 007c 00       		.byte	0
 674 007d 00       		.byte	0
 675 007e 09       		.uleb128 0x9
 676 007f 34       		.uleb128 0x34
 677 0080 00       		.byte	0
 678 0081 03       		.uleb128 0x3
 679 0082 0E       		.uleb128 0xe
 680 0083 3A       		.uleb128 0x3a
 681 0084 0B       		.uleb128 0xb
 682 0085 3B       		.uleb128 0x3b
 683 0086 05       		.uleb128 0x5
 684 0087 49       		.uleb128 0x49
 685 0088 13       		.uleb128 0x13
 686 0089 02       		.uleb128 0x2
 687 008a 18       		.uleb128 0x18
 688 008b 00       		.byte	0
 689 008c 00       		.byte	0
 690 008d 0A       		.uleb128 0xa
 691 008e 2E       		.uleb128 0x2e
 692 008f 00       		.byte	0
 693 0090 03       		.uleb128 0x3
 694 0091 0E       		.uleb128 0xe
 695 0092 3A       		.uleb128 0x3a
 696 0093 0B       		.uleb128 0xb
 697 0094 3B       		.uleb128 0x3b
 698 0095 05       		.uleb128 0x5
 699 0096 27       		.uleb128 0x27
 700 0097 19       		.uleb128 0x19
 701 0098 11       		.uleb128 0x11
 702 0099 01       		.uleb128 0x1
 703 009a 12       		.uleb128 0x12
 704 009b 06       		.uleb128 0x6
 705 009c 40       		.uleb128 0x40
 706 009d 18       		.uleb128 0x18
 707 009e 9742     		.uleb128 0x2117
 708 00a0 19       		.uleb128 0x19
 709 00a1 00       		.byte	0
 710 00a2 00       		.byte	0
 711 00a3 0B       		.uleb128 0xb
 712 00a4 2E       		.uleb128 0x2e
 713 00a5 00       		.byte	0
 714 00a6 03       		.uleb128 0x3
 715 00a7 0E       		.uleb128 0xe
 716 00a8 3A       		.uleb128 0x3a
 717 00a9 0B       		.uleb128 0xb
 718 00aa 3B       		.uleb128 0x3b
 719 00ab 05       		.uleb128 0x5
 720 00ac 27       		.uleb128 0x27
 721 00ad 19       		.uleb128 0x19
ARM GAS  C:\Users\mohammed\AppData\Local\Temp\ccCCeZbd.s 			page 22


 722 00ae 11       		.uleb128 0x11
 723 00af 01       		.uleb128 0x1
 724 00b0 12       		.uleb128 0x12
 725 00b1 06       		.uleb128 0x6
 726 00b2 40       		.uleb128 0x40
 727 00b3 18       		.uleb128 0x18
 728 00b4 9642     		.uleb128 0x2116
 729 00b6 19       		.uleb128 0x19
 730 00b7 00       		.byte	0
 731 00b8 00       		.byte	0
 732 00b9 0C       		.uleb128 0xc
 733 00ba 34       		.uleb128 0x34
 734 00bb 00       		.byte	0
 735 00bc 03       		.uleb128 0x3
 736 00bd 0E       		.uleb128 0xe
 737 00be 3A       		.uleb128 0x3a
 738 00bf 0B       		.uleb128 0xb
 739 00c0 3B       		.uleb128 0x3b
 740 00c1 0B       		.uleb128 0xb
 741 00c2 49       		.uleb128 0x49
 742 00c3 13       		.uleb128 0x13
 743 00c4 3F       		.uleb128 0x3f
 744 00c5 19       		.uleb128 0x19
 745 00c6 02       		.uleb128 0x2
 746 00c7 18       		.uleb128 0x18
 747 00c8 00       		.byte	0
 748 00c9 00       		.byte	0
 749 00ca 00       		.byte	0
 750              		.section	.debug_aranges,"",%progbits
 751 0000 5C000000 		.4byte	0x5c
 752 0004 0200     		.2byte	0x2
 753 0006 00000000 		.4byte	.Ldebug_info0
 754 000a 04       		.byte	0x4
 755 000b 00       		.byte	0
 756 000c 0000     		.2byte	0
 757 000e 0000     		.2byte	0
 758 0010 00000000 		.4byte	.LFB2
 759 0014 0C000000 		.4byte	.LFE2-.LFB2
 760 0018 00000000 		.4byte	.LFB3
 761 001c 24000000 		.4byte	.LFE3-.LFB3
 762 0020 00000000 		.4byte	.LFB4
 763 0024 24000000 		.4byte	.LFE4-.LFB4
 764 0028 00000000 		.4byte	.LFB5
 765 002c 28000000 		.4byte	.LFE5-.LFB5
 766 0030 00000000 		.4byte	.LFB6
 767 0034 34000000 		.4byte	.LFE6-.LFB6
 768 0038 00000000 		.4byte	.LFB7
 769 003c 34000000 		.4byte	.LFE7-.LFB7
 770 0040 00000000 		.4byte	.LFB8
 771 0044 08000000 		.4byte	.LFE8-.LFB8
 772 0048 00000000 		.4byte	.LFB9
 773 004c 0C000000 		.4byte	.LFE9-.LFB9
 774 0050 00000000 		.4byte	.LFB10
 775 0054 0C000000 		.4byte	.LFE10-.LFB10
 776 0058 00000000 		.4byte	0
 777 005c 00000000 		.4byte	0
 778              		.section	.debug_ranges,"",%progbits
ARM GAS  C:\Users\mohammed\AppData\Local\Temp\ccCCeZbd.s 			page 23


 779              	.Ldebug_ranges0:
 780 0000 00000000 		.4byte	.LFB2
 781 0004 0C000000 		.4byte	.LFE2
 782 0008 00000000 		.4byte	.LFB3
 783 000c 24000000 		.4byte	.LFE3
 784 0010 00000000 		.4byte	.LFB4
 785 0014 24000000 		.4byte	.LFE4
 786 0018 00000000 		.4byte	.LFB5
 787 001c 28000000 		.4byte	.LFE5
 788 0020 00000000 		.4byte	.LFB6
 789 0024 34000000 		.4byte	.LFE6
 790 0028 00000000 		.4byte	.LFB7
 791 002c 34000000 		.4byte	.LFE7
 792 0030 00000000 		.4byte	.LFB8
 793 0034 08000000 		.4byte	.LFE8
 794 0038 00000000 		.4byte	.LFB9
 795 003c 0C000000 		.4byte	.LFE9
 796 0040 00000000 		.4byte	.LFB10
 797 0044 0C000000 		.4byte	.LFE10
 798 0048 00000000 		.4byte	0
 799 004c 00000000 		.4byte	0
 800              		.section	.debug_line,"",%progbits
 801              	.Ldebug_line0:
 802 0000 1E010000 		.section	.debug_str,"MS",%progbits,1
 802      02005E00 
 802      00000201 
 802      FB0E0D00 
 802      01010101 
 803              	.LASF14:
 804 0000 72656733 		.ascii	"reg32\000"
 804      3200
 805              	.LASF24:
 806 0006 74784669 		.ascii	"txFifoCtrl\000"
 806      666F4374 
 806      726C00
 807              	.LASF22:
 808 0011 6C657665 		.ascii	"level\000"
 808      6C00
 809              	.LASF16:
 810 0017 55415254 		.ascii	"UART_DEB_Init\000"
 810      5F444542 
 810      5F496E69 
 810      7400
 811              	.LASF19:
 812 0025 55415254 		.ascii	"UART_DEB_Stop\000"
 812      5F444542 
 812      5F53746F 
 812      7000
 813              	.LASF3:
 814 0033 73686F72 		.ascii	"short unsigned int\000"
 814      7420756E 
 814      7369676E 
 814      65642069 
 814      6E7400
 815              	.LASF23:
 816 0046 72784669 		.ascii	"rxFifoCtrl\000"
 816      666F4374 
ARM GAS  C:\Users\mohammed\AppData\Local\Temp\ccCCeZbd.s 			page 24


 816      726C00
 817              	.LASF11:
 818 0051 666C6F61 		.ascii	"float\000"
 818      7400
 819              	.LASF1:
 820 0057 756E7369 		.ascii	"unsigned char\000"
 820      676E6564 
 820      20636861 
 820      7200
 821              	.LASF5:
 822 0065 6C6F6E67 		.ascii	"long unsigned int\000"
 822      20756E73 
 822      69676E65 
 822      6420696E 
 822      7400
 823              	.LASF9:
 824 0077 75696E74 		.ascii	"uint8\000"
 824      3800
 825              	.LASF31:
 826 007d 55415254 		.ascii	"UART_DEB_initVar\000"
 826      5F444542 
 826      5F696E69 
 826      74566172 
 826      00
 827              	.LASF20:
 828 008e 55415254 		.ascii	"UART_DEB_SetRxFifoLevel\000"
 828      5F444542 
 828      5F536574 
 828      52784669 
 828      666F4C65 
 829              	.LASF12:
 830 00a6 646F7562 		.ascii	"double\000"
 830      6C6500
 831              	.LASF17:
 832 00ad 55415254 		.ascii	"UART_DEB_Enable\000"
 832      5F444542 
 832      5F456E61 
 832      626C6500 
 833              	.LASF28:
 834 00bd 474E5520 		.ascii	"GNU C 4.9.3 20150303 (release) [ARM/embedded-4_9-br"
 834      4320342E 
 834      392E3320 
 834      32303135 
 834      30333033 
 835 00f0 616E6368 		.ascii	"anch revision 221220] -mcpu=cortex-m0 -mthumb -g -O"
 835      20726576 
 835      6973696F 
 835      6E203232 
 835      31323230 
 836 0123 30202D66 		.ascii	"0 -ffunction-sections -ffat-lto-objects\000"
 836      66756E63 
 836      74696F6E 
 836      2D736563 
 836      74696F6E 
 837              	.LASF10:
 838 014b 75696E74 		.ascii	"uint32\000"
 838      333200
ARM GAS  C:\Users\mohammed\AppData\Local\Temp\ccCCeZbd.s 			page 25


 839              	.LASF8:
 840 0152 756E7369 		.ascii	"unsigned int\000"
 840      676E6564 
 840      20696E74 
 840      00
 841              	.LASF18:
 842 015f 55415254 		.ascii	"UART_DEB_Start\000"
 842      5F444542 
 842      5F537461 
 842      727400
 843              	.LASF7:
 844 016e 6C6F6E67 		.ascii	"long long unsigned int\000"
 844      206C6F6E 
 844      6720756E 
 844      7369676E 
 844      65642069 
 845              	.LASF15:
 846 0185 73697A65 		.ascii	"sizetype\000"
 846      74797065 
 846      00
 847              	.LASF6:
 848 018e 6C6F6E67 		.ascii	"long long int\000"
 848      206C6F6E 
 848      6720696E 
 848      7400
 849              	.LASF29:
 850 019c 2E5C4765 		.ascii	".\\Generated_Source\\PSoC4\\UART_DEB.c\000"
 850      6E657261 
 850      7465645F 
 850      536F7572 
 850      63655C50 
 851              	.LASF30:
 852 01c0 443A5C49 		.ascii	"D:\\IoT\\PSoC Creator\\BLE_Proximity02\\BLE_Proximi"
 852      6F545C50 
 852      536F4320 
 852      43726561 
 852      746F725C 
 853 01ef 74793031 		.ascii	"ty01.cydsn\000"
 853      2E637964 
 853      736E00
 854              	.LASF26:
 855 01fa 55415254 		.ascii	"UART_DEB_ScbModePostEnable\000"
 855      5F444542 
 855      5F536362 
 855      4D6F6465 
 855      506F7374 
 856              	.LASF25:
 857 0215 55415254 		.ascii	"UART_DEB_ScbEnableIntr\000"
 857      5F444542 
 857      5F536362 
 857      456E6162 
 857      6C65496E 
 858              	.LASF2:
 859 022c 73686F72 		.ascii	"short int\000"
 859      7420696E 
 859      7400
 860              	.LASF21:
ARM GAS  C:\Users\mohammed\AppData\Local\Temp\ccCCeZbd.s 			page 26


 861 0236 55415254 		.ascii	"UART_DEB_SetTxFifoLevel\000"
 861      5F444542 
 861      5F536574 
 861      54784669 
 861      666F4C65 
 862              	.LASF4:
 863 024e 6C6F6E67 		.ascii	"long int\000"
 863      20696E74 
 863      00
 864              	.LASF13:
 865 0257 63686172 		.ascii	"char\000"
 865      00
 866              	.LASF0:
 867 025c 7369676E 		.ascii	"signed char\000"
 867      65642063 
 867      68617200 
 868              	.LASF27:
 869 0268 55415254 		.ascii	"UART_DEB_ScbModeStop\000"
 869      5F444542 
 869      5F536362 
 869      4D6F6465 
 869      53746F70 
 870              		.ident	"GCC: (GNU Tools for ARM Embedded Processors) 4.9.3 20150303 (release) [ARM/embedded-4_9-br
